Archive member included to satisfy reference by file (symbol)

app/libapp.a(main.c.obj)      (--whole-archive)
zephyr/libzephyr.a(heap.c.obj)
                              (--whole-archive)
zephyr/libzephyr.a(cbprintf_packaged.c.obj)
                              (--whole-archive)
zephyr/libzephyr.a(printk.c.obj)
                              (--whole-archive)
zephyr/libzephyr.a(sem.c.obj)
                              (--whole-archive)
zephyr/libzephyr.a(thread_entry.c.obj)
                              (--whole-archive)
zephyr/libzephyr.a(cbprintf_complete.c.obj)
                              (--whole-archive)
zephyr/libzephyr.a(assert.c.obj)
                              (--whole-archive)
zephyr/libzephyr.a(dec.c.obj)
                              (--whole-archive)
zephyr/libzephyr.a(hex.c.obj)
                              (--whole-archive)
zephyr/libzephyr.a(rb.c.obj)  (--whole-archive)
zephyr/libzephyr.a(timeutil.c.obj)
                              (--whole-archive)
zephyr/libzephyr.a(bitarray.c.obj)
                              (--whole-archive)
zephyr/libzephyr.a(ring_buffer.c.obj)
                              (--whole-archive)
zephyr/libzephyr.a(configs.c.obj)
                              (--whole-archive)
zephyr/libzephyr.a(soc.c.obj)
                              (--whole-archive)
zephyr/libzephyr.a(mem_attr.c.obj)
                              (--whole-archive)
zephyr/libzephyr.a(tracing_none.c.obj)
                              (--whole-archive)
zephyr/arch/common/libarch__common.a(sw_isr_common.c.obj)
                              (--whole-archive)
zephyr/arch/arch/arm/core/libarch__arm__core.a(fatal.c.obj)
                              (--whole-archive)
zephyr/arch/arch/arm/core/libarch__arm__core.a(nmi.c.obj)
                              (--whole-archive)
zephyr/arch/arch/arm/core/libarch__arm__core.a(nmi_on_reset.S.obj)
                              (--whole-archive)
zephyr/arch/arch/arm/core/libarch__arm__core.a(tls.c.obj)
                              (--whole-archive)
zephyr/arch/arch/arm/core/cortex_m/libarch__arm__core__cortex_m.a(exc_exit.c.obj)
                              (--whole-archive)
zephyr/arch/arch/arm/core/cortex_m/libarch__arm__core__cortex_m.a(fault.c.obj)
                              (--whole-archive)
zephyr/arch/arch/arm/core/cortex_m/libarch__arm__core__cortex_m.a(fault_s.S.obj)
                              (--whole-archive)
zephyr/arch/arch/arm/core/cortex_m/libarch__arm__core__cortex_m.a(fpu.c.obj)
                              (--whole-archive)
zephyr/arch/arch/arm/core/cortex_m/libarch__arm__core__cortex_m.a(reset.S.obj)
                              (--whole-archive)
zephyr/arch/arch/arm/core/cortex_m/libarch__arm__core__cortex_m.a(scb.c.obj)
                              (--whole-archive)
zephyr/arch/arch/arm/core/cortex_m/libarch__arm__core__cortex_m.a(thread_abort.c.obj)
                              (--whole-archive)
zephyr/arch/arch/arm/core/cortex_m/libarch__arm__core__cortex_m.a(vector_table.S.obj)
                              (--whole-archive)
zephyr/arch/arch/arm/core/cortex_m/libarch__arm__core__cortex_m.a(swap_helper.S.obj)
                              (--whole-archive)
zephyr/arch/arch/arm/core/cortex_m/libarch__arm__core__cortex_m.a(irq_manage.c.obj)
                              (--whole-archive)
zephyr/arch/arch/arm/core/cortex_m/libarch__arm__core__cortex_m.a(prep_c.c.obj)
                              (--whole-archive)
zephyr/arch/arch/arm/core/cortex_m/libarch__arm__core__cortex_m.a(thread.c.obj)
                              (--whole-archive)
zephyr/arch/arch/arm/core/cortex_m/libarch__arm__core__cortex_m.a(cpu_idle.c.obj)
                              (--whole-archive)
zephyr/arch/arch/arm/core/cortex_m/libarch__arm__core__cortex_m.a(irq_init.c.obj)
                              (--whole-archive)
zephyr/arch/arch/arm/core/cortex_m/libarch__arm__core__cortex_m.a(isr_wrapper.c.obj)
                              (--whole-archive)
zephyr/arch/arch/arm/core/cortex_m/libarch__arm__core__cortex_m.a(__aeabi_read_tp.S.obj)
                              (--whole-archive)
zephyr/arch/arch/arm/core/cortex_m/cmse/libarch__arm__core__cortex_m__cmse.a(arm_core_cmse.c.obj)
                              (--whole-archive)
zephyr/arch/arch/arm/core/mpu/libarch__arm__core__mpu.a(arm_core_mpu.c.obj)
                              (--whole-archive)
zephyr/arch/arch/arm/core/mpu/libarch__arm__core__mpu.a(arm_mpu.c.obj)
                              (--whole-archive)
zephyr/arch/arch/arm/core/mpu/libarch__arm__core__mpu.a(arm_mpu_regions.c.obj)
                              (--whole-archive)
zephyr/lib/libc/picolibc/liblib__libc__picolibc.a(assert.c.obj)
                              (--whole-archive)
zephyr/lib/libc/picolibc/liblib__libc__picolibc.a(cbprintf.c.obj)
                              (--whole-archive)
zephyr/lib/libc/picolibc/liblib__libc__picolibc.a(chk_fail.c.obj)
                              (--whole-archive)
[...]
Memory Configuration

Name             Origin             Length             Attributes
FLASH            0x0000000010000000 0x0000000000100000 xr
RAM              0x0000000030000000 0x0000000000030000 xw
SRAM1            0x0000000014000000 0x0000000000018000 rw
IDT_LIST         0x00000000ffff7fff 0x0000000000008000 xw
*default*        0x0000000000000000 0xffffffffffffffff

Linker script and memory map

                0x000000001000466c                vfprintf = __l_vfprintf
                0x0000000000000000                vfscanf = __l_vfscanf
LOAD zephyr/CMakeFiles/zephyr_pre0.dir/misc/empty_file.c.obj
LOAD zephyr/CMakeFiles/offsets.dir/./arch/arm/core/offsets/offsets.c.obj
LOAD app/libapp.a
LOAD zephyr/libzephyr.a
LOAD zephyr/arch/common/libarch__common.a
LOAD zephyr/arch/arch/arm/core/libarch__arm__core.a
LOAD zephyr/arch/arch/arm/core/cortex_m/libarch__arm__core__cortex_m.a
LOAD zephyr/arch/arch/arm/core/cortex_m/cmse/libarch__arm__core__cortex_m__cmse.a
LOAD zephyr/arch/arch/arm/core/mpu/libarch__arm__core__mpu.a
LOAD zephyr/lib/libc/picolibc/liblib__libc__picolibc.a
LOAD zephyr/lib/libc/common/liblib__libc__common.a
LOAD zephyr/boards/nxp/frdm_mcxn236/libboards__nxp__frdm_mcxn236.a
LOAD zephyr/drivers/clock_control/libdrivers__clock_control.a
LOAD zephyr/drivers/console/libdrivers__console.a
LOAD zephyr/drivers/gpio/libdrivers__gpio.a
LOAD zephyr/drivers/i2c/libdrivers__i2c.a
LOAD zephyr/drivers/led/libdrivers__led.a
LOAD zephyr/drivers/mfd/libdrivers__mfd.a
LOAD zephyr/drivers/pinctrl/libdrivers__pinctrl.a
LOAD zephyr/drivers/serial/libdrivers__serial.a
LOAD zephyr/drivers/timer/libdrivers__timer.a
LOAD modules/hal_nxp/hal_nxp/lib..__modules__hal__nxp.a
LOAD zephyr/kernel/libkernel.a
LOAD zephyr/arch/common/libisr_tables.a
LOAD /home/boris/zephyr-sdk-0.17.0/arm-zephyr-eabi/bin/../lib/gcc/../../picolibc/arm-zephyr-eabi/lib/thumb/v8-m.main/nofp/libc.a
LOAD /home/boris/zephyr-sdk-0.17.0/arm-zephyr-eabi/bin/../lib/gcc/arm-zephyr-eabi/12.2.0/thumb/v8-m.main/nofp/libgcc.a
                0x0000000000000020                _region_min_align = 0x20

.rel.plt        0x0000000010000000        0x0
 *(SORT_BY_ALIGNMENT(.rel.plt))
                [!provide]                        PROVIDE (__rel_iplt_start = .)
 *(SORT_BY_ALIGNMENT(.rel.iplt))
 .rel.iplt      0x0000000010000000        0x0 app/libapp.a(main.c.obj)
                [!provide]                        PROVIDE (__rel_iplt_end = .)

.rela.plt       0x0000000000000000        0x0
 *(SORT_BY_ALIGNMENT(.rela.plt))
                [!provide]                        PROVIDE (__rela_iplt_start = .)
 *(SORT_BY_ALIGNMENT(.rela.iplt))
                [!provide]                        PROVIDE (__rela_iplt_end = .)

.rel.dyn
 *(SORT_BY_ALIGNMENT(.rel.*))

.rela.dyn
 *(SORT_BY_ALIGNMENT(.rela.*))

/DISCARD/
 *(SORT_BY_ALIGNMENT(.plt))

/DISCARD/
 *(SORT_BY_ALIGNMENT(.iplt))
                0x0000000010000000                __rom_region_start = 0x10000000

rom_start       0x0000000010000000      0x2ac
                0x0000000010000000                __rom_start_address = .
 FILL mask 0x00
                0x0000000010000000                . = (. + (0x0 - (. - __rom_start_address)))
                0x0000000010000000                . = ALIGN (0x4)
                0x0000000010000000                . = ALIGN (0x80)
                0x0000000010000000                . = ALIGN (0x400)
                0x0000000010000000                _vector_start = .
 *(SORT_BY_ALIGNMENT(.exc_vector_table))
 *(SORT_BY_ALIGNMENT(.exc_vector_table.*))
 .exc_vector_table._vector_table_section
                0x0000000010000000       0x40 zephyr/arch/arch/arm/core/cortex_m/libarch__arm__core__cortex_m.a(vector_table.S.obj)
                0x0000000010000000                _vector_table
 *(SORT_BY_ALIGNMENT(.vectors))
                0x00000000100002ac                _vector_end = .
                0x0000000010000040                . = ALIGN (0x4)
 *(SORT_BY_ALIGNMENT(.gnu.linkonce.irq_vector_table*))
 .gnu.linkonce.irq_vector_table
                0x0000000010000040      0x26c zephyr/arch/common/libisr_tables.a(isr_tables.c.obj)
                0x0000000010000040                _irq_vector_table
                0x00000000100002ac                _vector_end = .

text            0x00000000100002ac     0x5e14
                0x00000000100002ac                __text_region_start = .
 *(SORT_BY_ALIGNMENT(.text))
 .text          0x00000000100002ac      0x378 /home/boris/zephyr-sdk-0.17.0/arm-zephyr-eabi/bin/../lib/gcc/arm-zephyr-eabi/12.2.0/thumb/v8-m.main/nofp/libgcc.a(_arm_addsubdf3.o)
                0x00000000100002ac                __aeabi_drsub
                0x00000000100002b4                __aeabi_dsub
                0x00000000100002b4                __subdf3
                0x00000000100002b8                __adddf3
                0x00000000100002b8                __aeabi_dadd
                0x0000000010000530                __aeabi_ui2d
                0x0000000010000530                __floatunsidf
                0x0000000010000550                __floatsidf
                0x0000000010000550                __aeabi_i2d
                0x0000000010000574                __extendsfdf2
                0x0000000010000574                __aeabi_f2d
                0x00000000100005b8                __aeabi_ul2d
                0x00000000100005b8                __floatundidf
                0x00000000100005c8                __floatdidf
                0x00000000100005c8                __aeabi_l2d
 .text          0x0000000010000624      0x424 /home/boris/zephyr-sdk-0.17.0/arm-zephyr-eabi/bin/../lib/gcc/arm-zephyr-eabi/12.2.0/thumb/v8-m.main/nofp/libgcc.a(_arm_muldivdf3.o)
                0x0000000010000624                __aeabi_dmul
                0x0000000010000624                __muldf3
                0x0000000010000878                __aeabi_ddiv
                0x0000000010000878                __divdf3
 .text          0x0000000010000a48      0x21c /home/boris/zephyr-sdk-0.17.0/arm-zephyr-eabi/bin/../lib/gcc/arm-zephyr-eabi/12.2.0/thumb/v8-m.main/nofp/libgcc.a(_arm_addsubsf3.o)
                0x0000000010000a48                __aeabi_frsub
                0x0000000010000a50                __subsf3
                0x0000000010000a50                __aeabi_fsub
                0x0000000010000a54                __aeabi_fadd
                0x0000000010000a54                __addsf3
                0x0000000010000bb4                __aeabi_ui2f
                0x0000000010000bb4                __floatunsisf
                0x0000000010000bbc                __aeabi_i2f
                0x0000000010000bbc                __floatsisf
                0x0000000010000bd8                __floatundisf
                0x0000000010000bd8                __aeabi_ul2f
                0x0000000010000be8                __floatdisf
                0x0000000010000be8                __aeabi_l2f
 .text          0x0000000010000c64      0x2a0 /home/boris/zephyr-sdk-0.17.0/arm-zephyr-eabi/bin/../lib/gcc/arm-zephyr-eabi/12.2.0/thumb/v8-m.main/nofp/libgcc.a(_arm_muldivsf3.o)
                0x0000000010000c64                __mulsf3
                0x0000000010000c64                __aeabi_fmul
                0x0000000010000dcc                __divsf3
                0x0000000010000dcc                __aeabi_fdiv
 .text          0x0000000010000f04       0x40 /home/boris/zephyr-sdk-0.17.0/arm-zephyr-eabi/bin/../lib/gcc/arm-zephyr-eabi/12.2.0/thumb/v8-m.main/nofp/libgcc.a(_arm_fixunssfsi.o)
                0x0000000010000f04                __aeabi_f2uiz
                0x0000000010000f04                __fixunssfsi
 .text          0x0000000010000f44       0x30 /home/boris/zephyr-sdk-0.17.0/arm-zephyr-eabi/bin/../lib/gcc/arm-zephyr-eabi/12.2.0/thumb/v8-m.main/nofp/libgcc.a(_aeabi_uldivmod.o)
                0x0000000010000f44                __aeabi_uldivmod
 .text          0x0000000010000f74       0x40 /home/boris/zephyr-sdk-0.17.0/arm-zephyr-eabi/bin/../lib/gcc/arm-zephyr-eabi/12.2.0/thumb/v8-m.main/nofp/libgcc.a(_fixunssfdi.o)
                0x0000000010000f74                __aeabi_f2ulz
                0x0000000010000f74                __fixunssfdi
 .text          0x0000000010000fb4        0x4 /home/boris/zephyr-sdk-0.17.0/arm-zephyr-eabi/bin/../lib/gcc/arm-zephyr-eabi/12.2.0/thumb/v8-m.main/nofp/libgcc.a(_dvmd_tls.o)
                0x0000000010000fb4                __aeabi_ldiv0
                0x0000000010000fb4                __aeabi_idiv0
 .text          0x0000000010000fb8       0x40 /home/boris/zephyr-sdk-0.17.0/arm-zephyr-eabi/bin/../lib/gcc/arm-zephyr-eabi/12.2.0/thumb/v8-m.main/nofp/libgcc.a(_arm_fixunsdfsi.o)
                0x0000000010000fb8                __fixunsdfsi
                0x0000000010000fb8                __aeabi_d2uiz
 .text          0x0000000010000ff8      0x29c /home/boris/zephyr-sdk-0.17.0/arm-zephyr-eabi/bin/../lib/gcc/arm-zephyr-eabi/12.2.0/thumb/v8-m.main/nofp/libgcc.a(_udivmoddi4.o)
                0x0000000010000ff8                __udivmoddi4
 *(SORT_BY_ALIGNMENT(.text.*))
 .text.on_read_requested
                0x0000000010001294       0x18 app/libapp.a(main.c.obj)
 .text.on_write_received
                0x00000000100012ac      0x12c app/libapp.a(main.c.obj)
 .text.main     0x00000000100013d8       0x78 app/libapp.a(main.c.obj)
                0x00000000100013d8                main
 .text.char_out
                0x0000000010001450        0xc zephyr/libzephyr.a(printk.c.obj)
 .text.__printk_hook_install
                0x000000001000145c        0xc zephyr/libzephyr.a(printk.c.obj)
                0x000000001000145c                __printk_hook_install
 .text.vprintk  0x0000000010001468       0x30 zephyr/libzephyr.a(printk.c.obj)
                0x0000000010001468                vprintk
 .text.z_thread_entry
                0x0000000010001498       0x34 zephyr/libzephyr.a(thread_entry.c.obj)
                0x0000000010001498                z_thread_entry
 .text.mem_attr_get_regions
                0x00000000100014cc        0xc zephyr/libzephyr.a(mem_attr.c.obj)
                0x00000000100014cc                mem_attr_get_regions
 .text.z_SysNmiOnReset
                0x00000000100014d8        0x8 zephyr/arch/arch/arm/core/libarch__arm__core.a(nmi_on_reset.S.obj)
                0x00000000100014d8                z_SysNmiOnReset
 .text.arch_tls_stack_setup
                0x00000000100014e0       0x40 zephyr/arch/arch/arm/core/libarch__arm__core.a(tls.c.obj)
                0x00000000100014e0                arch_tls_stack_setup
 .text._HandlerModeExit
                0x0000000010001520       0x20 zephyr/arch/arch/arm/core/cortex_m/libarch__arm__core__cortex_m.a(exc_exit.c.obj)
                0x0000000010001520                z_arm_exc_exit
                0x0000000010001520                z_arm_int_exit
 .text.secure_fault.constprop.0
                0x0000000010001540       0x74 zephyr/arch/arch/arm/core/cortex_m/libarch__arm__core__cortex_m.a(fault.c.obj)
 .text.usage_fault.constprop.0
                0x00000000100015b4       0x5c zephyr/arch/arch/arm/core/cortex_m/libarch__arm__core__cortex_m.a(fault.c.obj)
 .text.bus_fault.constprop.0
                0x0000000010001610       0x6c zephyr/arch/arch/arm/core/cortex_m/libarch__arm__core__cortex_m.a(fault.c.obj)
 .text.mem_manage_fault.constprop.0
                0x000000001000167c       0x78 zephyr/arch/arch/arm/core/cortex_m/libarch__arm__core__cortex_m.a(fault.c.obj)
 .text.z_arm_fault
                0x00000000100016f4      0x154 zephyr/arch/arch/arm/core/cortex_m/libarch__arm__core__cortex_m.a(fault.c.obj)
                0x00000000100016f4                z_arm_fault
 .text.z_arm_fault_init
                0x0000000010001848       0x20 zephyr/arch/arch/arm/core/cortex_m/libarch__arm__core__cortex_m.a(fault.c.obj)
                0x0000000010001848                z_arm_fault_init
 .text.__fault  0x0000000010001868       0x14 zephyr/arch/arch/arm/core/cortex_m/libarch__arm__core__cortex_m.a(fault_s.S.obj)
                0x0000000010001868                z_arm_secure_fault
                0x0000000010001868                z_arm_bus_fault
                0x0000000010001868                z_arm_usage_fault
                0x0000000010001868                z_arm_mpu_fault
                0x0000000010001868                z_arm_exc_spurious
                0x0000000010001868                z_arm_debug_monitor
                0x0000000010001868                z_arm_hard_fault
 .text._reset_section
                0x000000001000187c       0x30 zephyr/arch/arch/arm/core/cortex_m/libarch__arm__core__cortex_m.a(reset.S.obj)
                0x000000001000187c                z_arm_reset
                0x000000001000187c                __start
 .text.z_impl_k_thread_abort
                0x00000000100018ac       0x2c zephyr/arch/arch/arm/core/cortex_m/libarch__arm__core__cortex_m.a(thread_abort.c.obj)
                0x00000000100018ac                z_impl_k_thread_abort
 .text.z_arm_pendsv
                0x00000000100018d8       0x60 zephyr/arch/arch/arm/core/cortex_m/libarch__arm__core__cortex_m.a(swap_helper.S.obj)
                0x00000000100018d8                z_arm_pendsv
 .text.z_arm_svc
                0x0000000010001938       0x24 zephyr/arch/arch/arm/core/cortex_m/libarch__arm__core__cortex_m.a(swap_helper.S.obj)
                0x0000000010001938                z_arm_svc
 .text.arch_irq_enable
                0x000000001000195c       0x1c zephyr/arch/arch/arm/core/cortex_m/libarch__arm__core__cortex_m.a(irq_manage.c.obj)
                0x000000001000195c                arch_irq_enable
 .text.z_arm_irq_priority_set
                0x0000000010001978       0x2c zephyr/arch/arch/arm/core/cortex_m/libarch__arm__core__cortex_m.a(irq_manage.c.obj)
                0x0000000010001978                z_arm_irq_priority_set
 .text.z_prep_c
                0x00000000100019a4       0x48 zephyr/arch/arch/arm/core/cortex_m/libarch__arm__core__cortex_m.a(prep_c.c.obj)
                0x00000000100019a4                z_prep_c
 .text.arch_new_thread
                0x00000000100019ec       0x38 zephyr/arch/arch/arm/core/cortex_m/libarch__arm__core__cortex_m.a(thread.c.obj)
                0x00000000100019ec                arch_new_thread
 .text.arch_switch_to_main_thread
                0x0000000010001a24       0x40 zephyr/arch/arch/arm/core/cortex_m/libarch__arm__core__cortex_m.a(thread.c.obj)
                0x0000000010001a24                arch_switch_to_main_thread
 .text.z_arm_cpu_idle_init
                0x0000000010001a64        0xc zephyr/arch/arch/arm/core/cortex_m/libarch__arm__core__cortex_m.a(cpu_idle.c.obj)
                0x0000000010001a64                z_arm_cpu_idle_init
 .text.z_arm_interrupt_init
                0x0000000010001a70       0x18 zephyr/arch/arch/arm/core/cortex_m/libarch__arm__core__cortex_m.a(irq_init.c.obj)
                0x0000000010001a70                z_arm_interrupt_init
 .text._isr_wrapper
                0x0000000010001a88       0x24 zephyr/arch/arch/arm/core/cortex_m/libarch__arm__core__cortex_m.a(isr_wrapper.c.obj)
                0x0000000010001a88                _isr_wrapper
 .text.z_arm_configure_static_mpu_regions
                0x0000000010001aac       0x38 zephyr/arch/arch/arm/core/mpu/libarch__arm__core__mpu.a(arm_core_mpu.c.obj)
                0x0000000010001aac                z_arm_configure_static_mpu_regions
 .text.region_init
                0x0000000010001ae4       0x34 zephyr/arch/arch/arm/core/mpu/libarch__arm__core__mpu.a(arm_mpu.c.obj)
 .text.region_allocate_and_init
                0x0000000010001b18       0x24 zephyr/arch/arch/arm/core/mpu/libarch__arm__core__mpu.a(arm_mpu.c.obj)
 .text.mpu_configure_regions_and_partition.constprop.0
                0x0000000010001b3c      0x148 zephyr/arch/arch/arm/core/mpu/libarch__arm__core__mpu.a(arm_mpu.c.obj)
 .text.arm_core_mpu_enable
                0x0000000010001c84       0x18 zephyr/arch/arch/arm/core/mpu/libarch__arm__core__mpu.a(arm_mpu.c.obj)
                0x0000000010001c84                arm_core_mpu_enable
 .text.arm_core_mpu_disable
                0x0000000010001c9c       0x14 zephyr/arch/arch/arm/core/mpu/libarch__arm__core__mpu.a(arm_mpu.c.obj)
                0x0000000010001c9c                arm_core_mpu_disable
 .text.arm_core_mpu_configure_static_mpu_regions
                0x0000000010001cb0       0x14 zephyr/arch/arch/arm/core/mpu/libarch__arm__core__mpu.a(arm_mpu.c.obj)
                0x0000000010001cb0                arm_core_mpu_configure_static_mpu_regions
 .text.arm_core_mpu_mark_areas_for_dynamic_regions
                0x0000000010001cc4       0xb8 zephyr/arch/arch/arm/core/mpu/libarch__arm__core__mpu.a(arm_mpu.c.obj)
                0x0000000010001cc4                arm_core_mpu_mark_areas_for_dynamic_regions
 .text.z_arm_mpu_init
                0x0000000010001d7c      0x11c zephyr/arch/arch/arm/core/mpu/libarch__arm__core__mpu.a(arm_mpu.c.obj)
                0x0000000010001d7c                z_arm_mpu_init
 .text._exit    0x0000000010001e98       0x10 zephyr/lib/libc/picolibc/liblib__libc__picolibc.a(exit.c.obj)
                0x0000000010001e98                _exit
 .text.z_impl_zephyr_fputc
                0x0000000010001ea8       0x10 zephyr/lib/libc/picolibc/liblib__libc__picolibc.a(stdio.c.obj)
                0x0000000010001ea8                z_impl_zephyr_fputc
 .text.__stdout_hook_install
                0x0000000010001eb8       0x18 zephyr/lib/libc/picolibc/liblib__libc__picolibc.a(stdio.c.obj)
                0x0000000010001eb8                __stdout_hook_install
 .text.malloc_prepare
                0x0000000010001ed0       0x24 zephyr/lib/libc/common/liblib__libc__common.a(malloc.c.obj)
 .text.power_mode_od
                0x0000000010001ef4       0x40 zephyr/boards/nxp/frdm_mcxn236/libboards__nxp__frdm_mcxn236.a(board.c.obj)
                0x0000000010001ef4                power_mode_od
 .text.frdm_mcxn236_init
                0x0000000010001f34      0x1c8 zephyr/boards/nxp/frdm_mcxn236/libboards__nxp__frdm_mcxn236.a(board.c.obj)
 .text.uart_console_init
                0x00000000100020fc       0x28 zephyr/drivers/console/libdrivers__console.a(uart_console.c.obj)
 .text.console_out
                0x0000000010002124       0x28 zephyr/drivers/console/libdrivers__console.a(uart_console.c.obj)
 .text.mcux_lpi2c_config_func_0
                0x000000001000214c       0x18 zephyr/drivers/i2c/libdrivers__i2c.a(i2c_mcux_lpi2c.c.obj)
 .text.mcux_lpi2c_config_func_1
                0x0000000010002164       0x18 zephyr/drivers/i2c/libdrivers__i2c.a(i2c_mcux_lpi2c.c.obj)
 .text.mcux_lpi2c_transfer
                0x000000001000217c       0xe8 zephyr/drivers/i2c/libdrivers__i2c.a(i2c_mcux_lpi2c.c.obj)
 .text.mcux_lpi2c_configure
                0x0000000010002264       0x64 zephyr/drivers/i2c/libdrivers__i2c.a(i2c_mcux_lpi2c.c.obj)
 .text.mcux_lpi2c_init
                0x00000000100022c8       0xfc zephyr/drivers/i2c/libdrivers__i2c.a(i2c_mcux_lpi2c.c.obj)
 .text.pinctrl_configure_pins
                0x00000000100023c4       0x40 zephyr/drivers/pinctrl/libdrivers__pinctrl.a(pinctrl_nxp_port.c.obj)
                0x00000000100023c4                pinctrl_configure_pins
 .text.mcux_lpuart_config_func_0
                0x0000000010002404       0x18 zephyr/drivers/serial/libdrivers__serial.a(uart_mcux_lpuart.c.obj)
 .text.mcux_lpuart_config_func_1
                0x000000001000241c       0x18 zephyr/drivers/serial/libdrivers__serial.a(uart_mcux_lpuart.c.obj)
 .text.elapsed  0x0000000010002434       0x4c zephyr/drivers/timer/libdrivers__timer.a(cortex_m_systick.c.obj)
 .text.sys_clock_driver_init
                0x0000000010002480       0x38 zephyr/drivers/timer/libdrivers__timer.a(cortex_m_systick.c.obj)
 .text.sys_clock_isr
                0x00000000100024b8       0x60 zephyr/drivers/timer/libdrivers__timer.a(cortex_m_systick.c.obj)
                0x00000000100024b8                sys_clock_isr
 .text.sys_clock_set_timeout
                0x0000000010002518       0xfc zephyr/drivers/timer/libdrivers__timer.a(cortex_m_systick.c.obj)
                0x0000000010002518                sys_clock_set_timeout
 .text.sys_clock_elapsed
                0x0000000010002614       0x3c zephyr/drivers/timer/libdrivers__timer.a(cortex_m_systick.c.obj)
                0x0000000010002614                sys_clock_elapsed
 .text.sys_clock_cycle_get_32
                0x0000000010002650       0x28 zephyr/drivers/timer/libdrivers__timer.a(cortex_m_systick.c.obj)
                0x0000000010002650                sys_clock_cycle_get_32
 .text.CLOCK_GetFro12MFreq
                0x0000000010002678       0x1c modules/hal_nxp/hal_nxp/lib..__modules__hal__nxp.a(fsl_clock.c.obj)
 .text.CLOCK_GetClk48MFreq
                0x0000000010002694       0x1c modules/hal_nxp/hal_nxp/lib..__modules__hal__nxp.a(fsl_clock.c.obj)
 .text.CLOCK_GetClk16KFreq
                0x00000000100026b0       0x20 modules/hal_nxp/hal_nxp/lib..__modules__hal__nxp.a(fsl_clock.c.obj)
 .text.CLOCK_GetExtClkFreq
                0x00000000100026d0       0x1c modules/hal_nxp/hal_nxp/lib..__modules__hal__nxp.a(fsl_clock.c.obj)
 .text.CLOCK_GetFroHfFreq
                0x00000000100026ec       0x2c modules/hal_nxp/hal_nxp/lib..__modules__hal__nxp.a(fsl_clock.c.obj)
 .text.CLOCK_GetOsc32KFreq
                0x0000000010002718       0x28 modules/hal_nxp/hal_nxp/lib..__modules__hal__nxp.a(fsl_clock.c.obj)
 .text.CLOCK_GetLposcFreq
                0x0000000010002740       0x18 modules/hal_nxp/hal_nxp/lib..__modules__hal__nxp.a(fsl_clock.c.obj)
 .text.CLOCK_SetupFROHFClocking
                0x0000000010002758       0x68 modules/hal_nxp/hal_nxp/lib..__modules__hal__nxp.a(fsl_clock.c.obj)
                0x0000000010002758                CLOCK_SetupFROHFClocking
 .text.CLOCK_SetupExtClocking
                0x00000000100027c0       0xc4 modules/hal_nxp/hal_nxp/lib..__modules__hal__nxp.a(fsl_clock.c.obj)
                0x00000000100027c0                CLOCK_SetupExtClocking
 .text.CLOCK_SetupClk16KClocking
                0x0000000010002884       0x48 modules/hal_nxp/hal_nxp/lib..__modules__hal__nxp.a(fsl_clock.c.obj)
                0x0000000010002884                CLOCK_SetupClk16KClocking
 .text.CLOCK_SetPll0MonitorMode
                0x00000000100028cc       0x18 modules/hal_nxp/hal_nxp/lib..__modules__hal__nxp.a(fsl_clock.c.obj)
                0x00000000100028cc                CLOCK_SetPll0MonitorMode
 .text.CLOCK_SetPll1MonitorMode
                0x00000000100028e4       0x18 modules/hal_nxp/hal_nxp/lib..__modules__hal__nxp.a(fsl_clock.c.obj)
                0x00000000100028e4                CLOCK_SetPll1MonitorMode
 .text.CLOCK_AttachClk
                0x00000000100028fc       0x60 modules/hal_nxp/hal_nxp/lib..__modules__hal__nxp.a(fsl_clock.c.obj)
                0x00000000100028fc                CLOCK_AttachClk
 .text.CLOCK_GetPLL0InClockRate
                0x000000001000295c       0x2c modules/hal_nxp/hal_nxp/lib..__modules__hal__nxp.a(fsl_clock.c.obj)
                0x000000001000295c                CLOCK_GetPLL0InClockRate
 .text.CLOCK_GetPll0OutFreq
                0x0000000010002988       0xd8 modules/hal_nxp/hal_nxp/lib..__modules__hal__nxp.a(fsl_clock.c.obj)
                0x0000000010002988                CLOCK_GetPll0OutFreq
 .text.CLOCK_GetPLL1InClockRate
                0x0000000010002a60       0x2c modules/hal_nxp/hal_nxp/lib..__modules__hal__nxp.a(fsl_clock.c.obj)
                0x0000000010002a60                CLOCK_GetPLL1InClockRate
 .text.CLOCK_GetPll1OutFreq
                0x0000000010002a8c       0xd8 modules/hal_nxp/hal_nxp/lib..__modules__hal__nxp.a(fsl_clock.c.obj)
                0x0000000010002a8c                CLOCK_GetPll1OutFreq
 .text.CLOCK_GetLPFlexCommClkFreq
                0x0000000010002b64       0x5c modules/hal_nxp/hal_nxp/lib..__modules__hal__nxp.a(fsl_clock.c.obj)
                0x0000000010002b64                CLOCK_GetLPFlexCommClkFreq
 .text.CLOCK_SetPLL0Freq
                0x0000000010002bc0       0xc4 modules/hal_nxp/hal_nxp/lib..__modules__hal__nxp.a(fsl_clock.c.obj)
                0x0000000010002bc0                CLOCK_SetPLL0Freq
 .text.CLOCK_SetPLL1Freq
                0x0000000010002c84       0xc4 modules/hal_nxp/hal_nxp/lib..__modules__hal__nxp.a(fsl_clock.c.obj)
                0x0000000010002c84                CLOCK_SetPLL1Freq
 .text.CLOCK_GetCoreSysClkFreq
                0x0000000010002d48       0x3c modules/hal_nxp/hal_nxp/lib..__modules__hal__nxp.a(fsl_clock.c.obj)
                0x0000000010002d48                CLOCK_GetCoreSysClkFreq
 .text.CLOCK_GetFreq
                0x0000000010002d84      0x144 modules/hal_nxp/hal_nxp/lib..__modules__hal__nxp.a(fsl_clock.c.obj)
                0x0000000010002d84                CLOCK_GetFreq
 .text.SystemInit
                0x0000000010002ec8       0xd0 modules/hal_nxp/hal_nxp/lib..__modules__hal__nxp.a(system_MCXN236.c.obj)
                0x0000000010002ec8                SystemInit
 .text.LP_FLEXCOMM_GetBaseAddress
                0x0000000010002f98       0x14 modules/hal_nxp/hal_nxp/lib..__modules__hal__nxp.a(fsl_lpflexcomm.c.obj)
                0x0000000010002f98                LP_FLEXCOMM_GetBaseAddress
 .text.LP_FLEXCOMM_GetInterruptStatus
                0x0000000010002fac       0x10 modules/hal_nxp/hal_nxp/lib..__modules__hal__nxp.a(fsl_lpflexcomm.c.obj)
                0x0000000010002fac                LP_FLEXCOMM_GetInterruptStatus
 .text.LP_FLEXCOMM_GetInstance
                0x0000000010002fbc       0x24 modules/hal_nxp/hal_nxp/lib..__modules__hal__nxp.a(fsl_lpflexcomm.c.obj)
                0x0000000010002fbc                LP_FLEXCOMM_GetInstance
 .text.LP_FLEXCOMM_Init
                0x0000000010002fe0       0xa0 modules/hal_nxp/hal_nxp/lib..__modules__hal__nxp.a(fsl_lpflexcomm.c.obj)
                0x0000000010002fe0                LP_FLEXCOMM_Init
 .text.LP_FLEXCOMM_SetIRQHandler
                0x0000000010003080       0x1c modules/hal_nxp/hal_nxp/lib..__modules__hal__nxp.a(fsl_lpflexcomm.c.obj)
                0x0000000010003080                LP_FLEXCOMM_SetIRQHandler
 .text.__NVIC_EnableIRQ
                0x000000001000309c       0x1c modules/hal_nxp/hal_nxp/lib..__modules__hal__nxp.a(fsl_lpi2c.c.obj)
 .text.LPI2C_GetCyclesForWidth
                0x00000000100030b8       0x48 modules/hal_nxp/hal_nxp/lib..__modules__hal__nxp.a(fsl_lpi2c.c.obj)
 .text.LPI2C_GetInstance
                0x0000000010003100       0x24 modules/hal_nxp/hal_nxp/lib..__modules__hal__nxp.a(fsl_lpi2c.c.obj)
                0x0000000010003100                LPI2C_GetInstance
 .text.LPI2C_MasterGetDefaultConfig
                0x0000000010003124       0x24 modules/hal_nxp/hal_nxp/lib..__modules__hal__nxp.a(fsl_lpi2c.c.obj)
                0x0000000010003124                LPI2C_MasterGetDefaultConfig
 .text.LPI2C_MasterDeinit
                0x0000000010003148       0x2c modules/hal_nxp/hal_nxp/lib..__modules__hal__nxp.a(fsl_lpi2c.c.obj)
                0x0000000010003148                LPI2C_MasterDeinit
 .text.LPI2C_MasterInit
                0x0000000010003174      0x114 modules/hal_nxp/hal_nxp/lib..__modules__hal__nxp.a(fsl_lpi2c.c.obj)
                0x0000000010003174                LPI2C_MasterInit
 .text.LPI2C_MasterTransferCreateHandle
                0x0000000010003288       0x78 modules/hal_nxp/hal_nxp/lib..__modules__hal__nxp.a(fsl_lpi2c.c.obj)
                0x0000000010003288                LPI2C_MasterTransferCreateHandle
 .text.LPI2C_MasterTransferAbort
                0x0000000010003300       0x34 modules/hal_nxp/hal_nxp/lib..__modules__hal__nxp.a(fsl_lpi2c.c.obj)
                0x0000000010003300                LPI2C_MasterTransferAbort
 .text.LPI2C_MasterTransferHandleIRQ
                0x0000000010003334      0x1c8 modules/hal_nxp/hal_nxp/lib..__modules__hal__nxp.a(fsl_lpi2c.c.obj)
                0x0000000010003334                LPI2C_MasterTransferHandleIRQ
 .text.LPI2C_SlaveInit
                0x00000000100034fc      0x108 modules/hal_nxp/hal_nxp/lib..__modules__hal__nxp.a(fsl_lpi2c.c.obj)
                0x00000000100034fc                LPI2C_SlaveInit
 .text.LPI2C_SlaveDeinit
                0x0000000010003604       0x30 modules/hal_nxp/hal_nxp/lib..__modules__hal__nxp.a(fsl_lpi2c.c.obj)
                0x0000000010003604                LPI2C_SlaveDeinit
 .text.LPUART_Init
                0x0000000010003634      0x1e8 modules/hal_nxp/hal_nxp/lib..__modules__hal__nxp.a(fsl_lpuart.c.obj)
                0x0000000010003634                LPUART_Init
 .text.LPUART_EnableInterrupts
                0x000000001000381c       0x58 modules/hal_nxp/hal_nxp/lib..__modules__hal__nxp.a(fsl_lpuart.c.obj)
                0x000000001000381c                LPUART_EnableInterrupts
 .text.LPUART_DisableInterrupts
                0x0000000010003874       0x60 modules/hal_nxp/hal_nxp/lib..__modules__hal__nxp.a(fsl_lpuart.c.obj)
                0x0000000010003874                LPUART_DisableInterrupts
 .text.LPUART_GetStatusFlags
                0x00000000100038d4       0x34 modules/hal_nxp/hal_nxp/lib..__modules__hal__nxp.a(fsl_lpuart.c.obj)
                0x00000000100038d4                LPUART_GetStatusFlags
 .text.LPUART_ClearStatusFlags
                0x0000000010003908       0x44 modules/hal_nxp/hal_nxp/lib..__modules__hal__nxp.a(fsl_lpuart.c.obj)
                0x0000000010003908                LPUART_ClearStatusFlags
 .text.z_fatal_error
                0x000000001000394c       0x30 zephyr/kernel/libkernel.a(fatal.c.obj)
                0x000000001000394c                z_fatal_error
 .text.z_sys_init_run_level
                0x000000001000397c       0x2c zephyr/kernel/libkernel.a(init.c.obj)
 .text.bg_thread_main
                0x00000000100039a8       0xc4 zephyr/kernel/libkernel.a(init.c.obj)
 .text.z_bss_zero
                0x0000000010003a6c       0x18 zephyr/kernel/libkernel.a(init.c.obj)
                0x0000000010003a6c                z_bss_zero
 .text.z_init_cpu
                0x0000000010003a84       0x68 zephyr/kernel/libkernel.a(init.c.obj)
                0x0000000010003a84                z_init_cpu
 .text.z_cstart
                0x0000000010003aec       0xe8 zephyr/kernel/libkernel.a(init.c.obj)
                0x0000000010003aec                z_cstart
 .text.z_impl_k_sem_give
                0x0000000010003bd4       0x68 zephyr/kernel/libkernel.a(sem.c.obj)
                0x0000000010003bd4                z_impl_k_sem_give
 .text.z_impl_k_sem_take
                0x0000000010003c3c       0x4c zephyr/kernel/libkernel.a(sem.c.obj)
                0x0000000010003c3c                z_impl_k_sem_take
 .text.z_setup_new_thread
                0x0000000010003c88       0x7c zephyr/kernel/libkernel.a(thread.c.obj)
                0x0000000010003c88                z_setup_new_thread
 .text.z_dummy_thread_init
                0x0000000010003d04       0x18 zephyr/kernel/libkernel.a(thread.c.obj)
                0x0000000010003d04                z_dummy_thread_init
 .text.z_swap_irqlock
                0x0000000010003d1c       0x30 zephyr/kernel/libkernel.a(sched.c.obj)
 .text.ready_thread
                0x0000000010003d4c       0x84 zephyr/kernel/libkernel.a(sched.c.obj)
 .text.unready_thread
                0x0000000010003dd0       0x54 zephyr/kernel/libkernel.a(sched.c.obj)
 .text.move_thread_to_end_of_prio_q
                0x0000000010003e24       0x90 zephyr/kernel/libkernel.a(sched.c.obj)
                0x0000000010003e24                move_thread_to_end_of_prio_q
 .text.z_pend_curr
                0x0000000010003eb4       0x58 zephyr/kernel/libkernel.a(sched.c.obj)
                0x0000000010003eb4                z_pend_curr
 .text.z_reschedule
                0x0000000010003f0c       0x24 zephyr/kernel/libkernel.a(sched.c.obj)
                0x0000000010003f0c                z_reschedule
 .text.z_reschedule_irqlock
                0x0000000010003f30       0x28 zephyr/kernel/libkernel.a(sched.c.obj)
                0x0000000010003f30                z_reschedule_irqlock
 .text.k_sched_lock
                0x0000000010003f58       0x28 zephyr/kernel/libkernel.a(sched.c.obj)
                0x0000000010003f58                k_sched_lock
 .text.k_sched_unlock
                0x0000000010003f80       0x68 zephyr/kernel/libkernel.a(sched.c.obj)
                0x0000000010003f80                k_sched_unlock
 .text.z_sched_init
                0x0000000010003fe8       0x10 zephyr/kernel/libkernel.a(sched.c.obj)
                0x0000000010003fe8                z_sched_init
 .text.z_impl_k_yield
                0x0000000010003ff8       0x88 zephyr/kernel/libkernel.a(sched.c.obj)
                0x0000000010003ff8                z_impl_k_yield
 .text.z_tick_sleep
                0x0000000010004080       0x80 zephyr/kernel/libkernel.a(sched.c.obj)
 .text.z_impl_k_wakeup
                0x0000000010004100       0x48 zephyr/kernel/libkernel.a(sched.c.obj)
                0x0000000010004100                z_impl_k_wakeup
 .text.z_impl_k_sched_current_thread_query
                0x0000000010004148        0xc zephyr/kernel/libkernel.a(sched.c.obj)
                0x0000000010004148                z_impl_k_sched_current_thread_query
 .text.z_thread_abort
                0x0000000010004154      0x138 zephyr/kernel/libkernel.a(sched.c.obj)
                0x0000000010004154                z_thread_abort
 .text.slice_timeout
                0x000000001000428c       0x20 zephyr/kernel/libkernel.a(timeslicing.c.obj)
 .text.thread_is_sliceable
                0x00000000100042ac       0x3c zephyr/kernel/libkernel.a(timeslicing.c.obj)
                0x00000000100042ac                thread_is_sliceable
 .text.z_reset_time_slice
                0x00000000100042e8       0x50 zephyr/kernel/libkernel.a(timeslicing.c.obj)
                0x00000000100042e8                z_reset_time_slice
 .text.z_time_slice
                0x0000000010004338       0x60 zephyr/kernel/libkernel.a(timeslicing.c.obj)
                0x0000000010004338                z_time_slice
 .text.z_data_copy
                0x0000000010004398       0x38 zephyr/kernel/libkernel.a(xip.c.obj)
                0x0000000010004398                z_data_copy
 .text.first    0x00000000100043d0       0x10 zephyr/kernel/libkernel.a(timeout.c.obj)
 .text.elapsed  0x00000000100043e0       0x14 zephyr/kernel/libkernel.a(timeout.c.obj)
 .text.remove_timeout
                0x00000000100043f4       0x38 zephyr/kernel/libkernel.a(timeout.c.obj)
 .text.z_add_timeout
                0x000000001000442c       0xec zephyr/kernel/libkernel.a(timeout.c.obj)
                0x000000001000442c                z_add_timeout
 .text.sys_clock_announce
                0x0000000010004518       0xbc zephyr/kernel/libkernel.a(timeout.c.obj)
                0x0000000010004518                sys_clock_announce
 .text.sys_clock_tick_get
                0x00000000100045d4       0x30 zephyr/kernel/libkernel.a(timeout.c.obj)
                0x00000000100045d4                sys_clock_tick_get
 .text.boot_banner
                0x0000000010004604        0xc zephyr/kernel/libkernel.a(banner.c.obj)
                0x0000000010004604                boot_banner
 .text.exit     0x0000000010004610       0x1c /home/boris/zephyr-sdk-0.17.0/arm-zephyr-eabi/bin/../lib/gcc/../../picolibc/arm-zephyr-eabi/lib/thumb/v8-m.main/nofp/libc.a(libc_stdlib_pico-exit.c.o)
                0x0000000010004610                exit
 .text.puts     0x000000001000462c       0x40 /home/boris/zephyr-sdk-0.17.0/arm-zephyr-eabi/bin/../lib/gcc/../../picolibc/arm-zephyr-eabi/lib/thumb/v8-m.main/nofp/libc.a(libc_tinystdio_puts.c.o)
                0x000000001000462c                puts
 .text.__l_vfprintf
                0x000000001000466c      0x4b4 /home/boris/zephyr-sdk-0.17.0/arm-zephyr-eabi/bin/../lib/gcc/../../picolibc/arm-zephyr-eabi/lib/thumb/v8-m.main/nofp/libc.a(libc_tinystdio_vflprintf.c.o)
                0x000000001000466c                __l_vfprintf
 .text.__libc_fini_array
                0x0000000010004b20       0x2c /home/boris/zephyr-sdk-0.17.0/arm-zephyr-eabi/bin/../lib/gcc/../../picolibc/arm-zephyr-eabi/lib/thumb/v8-m.main/nofp/libc.a(libc_misc_fini.c.o)
                0x0000000010004b20                __libc_fini_array
 .text._OffsetAbsSyms
                0x0000000010004b4c        0x2 zephyr/CMakeFiles/offsets.dir/./arch/arm/core/offsets/offsets.c.obj
                0x0000000010004b4c                _OffsetAbsSyms
 .text.led_on_dt
                0x0000000010004b4e        0xa app/libapp.a(main.c.obj)
 .text.led_off_dt
                0x0000000010004b58        0xa app/libapp.a(main.c.obj)
 .text.on_write_requested
                0x0000000010004b62        0x4 app/libapp.a(main.c.obj)
 .text.on_read_processed
                0x0000000010004b66        0x4 app/libapp.a(main.c.obj)
 .text.on_stop  0x0000000010004b6a        0x4 app/libapp.a(main.c.obj)
 .text.chunk_size
                0x0000000010004b6e        0xa zephyr/libzephyr.a(heap.c.obj)
 .text.free_list_add
                0x0000000010004b78       0x4e zephyr/libzephyr.a(heap.c.obj)
 .text.sys_heap_init
                0x0000000010004bc6       0x7a zephyr/libzephyr.a(heap.c.obj)
                0x0000000010004bc6                sys_heap_init
 .text.arch_printk_char_out
                0x0000000010004c40        0x4 zephyr/libzephyr.a(printk.c.obj)
                0x0000000010004c40                arch_printk_char_out
 .text.printk   0x0000000010004c44       0x1a zephyr/libzephyr.a(printk.c.obj)
                0x0000000010004c44                printk
 .text._ConfigAbsSyms
                0x0000000010004c5e        0x2 zephyr/libzephyr.a(configs.c.obj)
                0x0000000010004c5e                _ConfigAbsSyms
 .text.soc_reset_hook
                0x0000000010004c60        0x4 zephyr/libzephyr.a(soc.c.obj)
                0x0000000010004c60                soc_reset_hook
 .text.z_arm_fatal_error
                0x0000000010004c64        0xc zephyr/arch/arch/arm/core/libarch__arm__core.a(fatal.c.obj)
                0x0000000010004c64                z_arm_fatal_error
 .text.z_do_kernel_oops
                0x0000000010004c70        0x8 zephyr/arch/arch/arm/core/libarch__arm__core.a(fatal.c.obj)
                0x0000000010004c70                z_do_kernel_oops
 .text.z_arm_nmi
                0x0000000010004c78        0xe zephyr/arch/arch/arm/core/libarch__arm__core.a(nmi.c.obj)
                0x0000000010004c78                z_arm_nmi
 .text.z_irq_spurious
                0x0000000010004c86        0x8 zephyr/arch/arch/arm/core/cortex_m/libarch__arm__core__cortex_m.a(irq_manage.c.obj)
                0x0000000010004c86                z_irq_spurious
 .text.configure_builtin_stack_guard
                0x0000000010004c8e        0x8 zephyr/arch/arch/arm/core/cortex_m/libarch__arm__core__cortex_m.a(thread.c.obj)
                0x0000000010004c8e                configure_builtin_stack_guard
 .text.arch_irq_unlock_outlined
                0x0000000010004c96        0xe zephyr/arch/arch/arm/core/cortex_m/libarch__arm__core__cortex_m.a(thread.c.obj)
                0x0000000010004c96                arch_irq_unlock_outlined
 .text.arch_cpu_idle
                0x0000000010004ca4       0x1a zephyr/arch/arch/arm/core/cortex_m/libarch__arm__core__cortex_m.a(cpu_idle.c.obj)
                0x0000000010004ca4                arch_cpu_idle
 .text.arm_cmse_mpu_region_get
                0x0000000010004cbe       0x12 zephyr/arch/arch/arm/core/cortex_m/cmse/libarch__arm__core__cortex_m__cmse.a(arm_core_cmse.c.obj)
                0x0000000010004cbe                arm_cmse_mpu_region_get
 .text.mpu_configure_region
                0x0000000010004cd0       0x32 zephyr/arch/arch/arm/core/mpu/libarch__arm__core__mpu.a(arm_mpu.c.obj)
 .text.picolibc_put
                0x0000000010004d02        0xa zephyr/lib/libc/picolibc/liblib__libc__picolibc.a(stdio.c.obj)
 .text.mcux_lpc_syscon_clock_control_off
                0x0000000010004d0c        0x4 zephyr/drivers/clock_control/libdrivers__clock_control.a(clock_control_mcux_syscon.c.obj)
 .text.mcux_lpc_syscon_clock_control_set_subsys_rate
                0x0000000010004d10        0x6 zephyr/drivers/clock_control/libdrivers__clock_control.a(clock_control_mcux_syscon.c.obj)
 .text.mcux_lpc_syscon_clock_control_get_subsys_rate
                0x0000000010004d16       0x90 zephyr/drivers/clock_control/libdrivers__clock_control.a(clock_control_mcux_syscon.c.obj)
 .text.mcux_lpc_syscon_clock_control_on
                0x0000000010004da6       0x4c zephyr/drivers/clock_control/libdrivers__clock_control.a(clock_control_mcux_syscon.c.obj)
 .text.gpio_mcux_port_configure
                0x0000000010004df2       0xa0 zephyr/drivers/gpio/libdrivers__gpio.a(gpio_mcux.c.obj)
 .text.gpio_mcux_port_get_raw
                0x0000000010004e92        0xc zephyr/drivers/gpio/libdrivers__gpio.a(gpio_mcux.c.obj)
 .text.gpio_mcux_port_set_masked_raw
                0x0000000010004e9e       0x12 zephyr/drivers/gpio/libdrivers__gpio.a(gpio_mcux.c.obj)
 .text.gpio_mcux_port_set_bits_raw
                0x0000000010004eb0        0xa zephyr/drivers/gpio/libdrivers__gpio.a(gpio_mcux.c.obj)
 .text.gpio_mcux_port_clear_bits_raw
                0x0000000010004eba        0xa zephyr/drivers/gpio/libdrivers__gpio.a(gpio_mcux.c.obj)
 .text.gpio_mcux_port_toggle_bits
                0x0000000010004ec4        0xa zephyr/drivers/gpio/libdrivers__gpio.a(gpio_mcux.c.obj)
 .text.gpio_mcux_manage_callback
                0x0000000010004ece       0x52 zephyr/drivers/gpio/libdrivers__gpio.a(gpio_mcux.c.obj)
 .text.gpio_mcux_port0_init
                0x0000000010004f20       0x16 zephyr/drivers/gpio/libdrivers__gpio.a(gpio_mcux.c.obj)
 .text.gpio_mcux_port1_init
                0x0000000010004f36       0x16 zephyr/drivers/gpio/libdrivers__gpio.a(gpio_mcux.c.obj)
 .text.gpio_mcux_port2_init
                0x0000000010004f4c       0x16 zephyr/drivers/gpio/libdrivers__gpio.a(gpio_mcux.c.obj)
 .text.gpio_mcux_pin_interrupt_configure
                0x0000000010004f62       0x7a zephyr/drivers/gpio/libdrivers__gpio.a(gpio_mcux.c.obj)
 .text.gpio_mcux_port_isr
                0x0000000010004fdc       0x36 zephyr/drivers/gpio/libdrivers__gpio.a(gpio_mcux.c.obj)
 .text.clock_control_get_rate
                0x0000000010005012        0xe zephyr/drivers/i2c/libdrivers__i2c.a(i2c_mcux_lpi2c.c.obj)
 .text.mcux_lpi2c_target_unregister
                0x0000000010005020       0x26 zephyr/drivers/i2c/libdrivers__i2c.a(i2c_mcux_lpi2c.c.obj)
 .text.mcux_lpi2c_target_register
                0x0000000010005046       0x7c zephyr/drivers/i2c/libdrivers__i2c.a(i2c_mcux_lpi2c.c.obj)
 .text.mcux_lpi2c_isr
                0x00000000100050c2       0xfa zephyr/drivers/i2c/libdrivers__i2c.a(i2c_mcux_lpi2c.c.obj)
 .text.mcux_lpi2c_master_transfer_callback
                0x00000000100051bc        0xa zephyr/drivers/i2c/libdrivers__i2c.a(i2c_mcux_lpi2c.c.obj)
 .text.led_gpio_set_brightness
                0x00000000100051c6       0x42 zephyr/drivers/led/libdrivers__led.a(led_gpio.c.obj)
 .text.led_gpio_on
                0x0000000010005208        0x6 zephyr/drivers/led/libdrivers__led.a(led_gpio.c.obj)
 .text.led_gpio_off
                0x000000001000520e        0x6 zephyr/drivers/led/libdrivers__led.a(led_gpio.c.obj)
 .text.led_gpio_init
                0x0000000010005214       0x76 zephyr/drivers/led/libdrivers__led.a(led_gpio.c.obj)
 .text.nxp_lp_flexcomm_isr
                0x000000001000528a       0x44 zephyr/drivers/mfd/libdrivers__mfd.a(mfd_nxp_lp_flexcomm.c.obj)
                0x000000001000528a                nxp_lp_flexcomm_isr
 .text.nxp_lp_flexcomm_config_func_0
                0x00000000100052ce       0x16 zephyr/drivers/mfd/libdrivers__mfd.a(mfd_nxp_lp_flexcomm.c.obj)
 .text.nxp_lp_flexcomm_config_func_1
                0x00000000100052e4       0x16 zephyr/drivers/mfd/libdrivers__mfd.a(mfd_nxp_lp_flexcomm.c.obj)
 .text.nxp_lp_flexcomm_config_func_2
                0x00000000100052fa       0x16 zephyr/drivers/mfd/libdrivers__mfd.a(mfd_nxp_lp_flexcomm.c.obj)
 .text.nxp_lp_flexcomm_config_func_3
                0x0000000010005310       0x16 zephyr/drivers/mfd/libdrivers__mfd.a(mfd_nxp_lp_flexcomm.c.obj)
 .text.nxp_lp_flexcomm_init
                0x0000000010005326       0x7a zephyr/drivers/mfd/libdrivers__mfd.a(mfd_nxp_lp_flexcomm.c.obj)
 .text.nxp_lp_flexcomm_setirqhandler
                0x00000000100053a0       0x12 zephyr/drivers/mfd/libdrivers__mfd.a(mfd_nxp_lp_flexcomm.c.obj)
                0x00000000100053a0                nxp_lp_flexcomm_setirqhandler
 .text.pinctrl_lookup_state
                0x00000000100053b2       0x26 zephyr/drivers/pinctrl/libdrivers__pinctrl.a(common.c.obj)
                0x00000000100053b2                pinctrl_lookup_state
 .text.pinctrl_mcux_init
                0x00000000100053d8       0x26 zephyr/drivers/pinctrl/libdrivers__pinctrl.a(pinctrl_nxp_port.c.obj)
 .text.mcux_lpuart_irq_update
                0x00000000100053fe        0x4 zephyr/drivers/serial/libdrivers__serial.a(uart_mcux_lpuart.c.obj)
 .text.mcux_lpuart_irq_callback_set
                0x0000000010005402        0x8 zephyr/drivers/serial/libdrivers__serial.a(uart_mcux_lpuart.c.obj)
 .text.mcux_lpuart_config_get
                0x000000001000540a       0x10 zephyr/drivers/serial/libdrivers__serial.a(uart_mcux_lpuart.c.obj)
 .text.mcux_lpuart_irq_err_disable
                0x000000001000541a        0xc zephyr/drivers/serial/libdrivers__serial.a(uart_mcux_lpuart.c.obj)
 .text.mcux_lpuart_irq_rx_disable
                0x0000000010005426        0xc zephyr/drivers/serial/libdrivers__serial.a(uart_mcux_lpuart.c.obj)
 .text.mcux_lpuart_irq_tx_disable
                0x0000000010005432        0xc zephyr/drivers/serial/libdrivers__serial.a(uart_mcux_lpuart.c.obj)
 .text.mcux_lpuart_irq_err_enable
                0x000000001000543e        0xc zephyr/drivers/serial/libdrivers__serial.a(uart_mcux_lpuart.c.obj)
 .text.mcux_lpuart_irq_rx_enable
                0x000000001000544a        0xc zephyr/drivers/serial/libdrivers__serial.a(uart_mcux_lpuart.c.obj)
 .text.mcux_lpuart_irq_tx_enable
                0x0000000010005456        0xc zephyr/drivers/serial/libdrivers__serial.a(uart_mcux_lpuart.c.obj)
 .text.mcux_lpuart_irq_rx_full
                0x0000000010005462       0x10 zephyr/drivers/serial/libdrivers__serial.a(uart_mcux_lpuart.c.obj)
 .text.mcux_lpuart_irq_tx_complete
                0x0000000010005472       0x10 zephyr/drivers/serial/libdrivers__serial.a(uart_mcux_lpuart.c.obj)
 .text.mcux_lpuart_irq_tx_ready
                0x0000000010005482       0x1e zephyr/drivers/serial/libdrivers__serial.a(uart_mcux_lpuart.c.obj)
 .text.mcux_lpuart_irq_is_pending
                0x00000000100054a0       0x2c zephyr/drivers/serial/libdrivers__serial.a(uart_mcux_lpuart.c.obj)
 .text.mcux_lpuart_fifo_read
                0x00000000100054cc       0x48 zephyr/drivers/serial/libdrivers__serial.a(uart_mcux_lpuart.c.obj)
 .text.mcux_lpuart_fifo_fill
                0x0000000010005514       0x28 zephyr/drivers/serial/libdrivers__serial.a(uart_mcux_lpuart.c.obj)
 .text.mcux_lpuart_poll_out
                0x000000001000553c       0x2c zephyr/drivers/serial/libdrivers__serial.a(uart_mcux_lpuart.c.obj)
 .text.mcux_lpuart_err_check
                0x0000000010005568       0x34 zephyr/drivers/serial/libdrivers__serial.a(uart_mcux_lpuart.c.obj)
 .text.mcux_lpuart_isr
                0x000000001000559c       0x2e zephyr/drivers/serial/libdrivers__serial.a(uart_mcux_lpuart.c.obj)
 .text.mcux_lpuart_configure_init
                0x00000000100055ca      0x148 zephyr/drivers/serial/libdrivers__serial.a(uart_mcux_lpuart.c.obj)
 .text.pinctrl_apply_state.constprop.0
                0x0000000010005712       0x20 zephyr/drivers/serial/libdrivers__serial.a(uart_mcux_lpuart.c.obj)
 .text.mcux_lpuart_init
                0x0000000010005732       0x4a zephyr/drivers/serial/libdrivers__serial.a(uart_mcux_lpuart.c.obj)
 .text.mcux_lpuart_configure
                0x000000001000577c       0x30 zephyr/drivers/serial/libdrivers__serial.a(uart_mcux_lpuart.c.obj)
 .text.mcux_lpuart_poll_in
                0x00000000100057ac       0x40 zephyr/drivers/serial/libdrivers__serial.a(uart_mcux_lpuart.c.obj)
 .text.CLOCK_SetClkDiv
                0x00000000100057ec       0x22 modules/hal_nxp/hal_nxp/lib..__modules__hal__nxp.a(fsl_clock.c.obj)
                0x00000000100057ec                CLOCK_SetClkDiv
 .text.CLOCK_GetPllClkDivFreq
                0x000000001000580e       0x3c modules/hal_nxp/hal_nxp/lib..__modules__hal__nxp.a(fsl_clock.c.obj)
                0x000000001000580e                CLOCK_GetPllClkDivFreq
 .text.RESET_ClearPeripheralReset
                0x000000001000584a       0x26 modules/hal_nxp/hal_nxp/lib..__modules__hal__nxp.a(fsl_reset.c.obj)
                0x000000001000584a                RESET_ClearPeripheralReset
 .text.SystemInitHook
                0x0000000010005870        0x2 modules/hal_nxp/hal_nxp/lib..__modules__hal__nxp.a(system_MCXN236.c.obj)
                0x0000000010005870                SystemInitHook
 .text.CLOCK_EnableClock
                0x0000000010005872       0x3e modules/hal_nxp/hal_nxp/lib..__modules__hal__nxp.a(fsl_lpi2c.c.obj)
 .text.CLOCK_DisableClock
                0x00000000100058b0       0x52 modules/hal_nxp/hal_nxp/lib..__modules__hal__nxp.a(fsl_lpi2c.c.obj)
 .text.LPI2C_MasterCheckAndClearError
                0x0000000010005902       0x46 modules/hal_nxp/hal_nxp/lib..__modules__hal__nxp.a(fsl_lpi2c.c.obj)
                0x0000000010005902                LPI2C_MasterCheckAndClearError
 .text.LPI2C_CheckForBusyBus
                0x0000000010005948       0x14 modules/hal_nxp/hal_nxp/lib..__modules__hal__nxp.a(fsl_lpi2c.c.obj)
                0x0000000010005948                LPI2C_CheckForBusyBus
 .text.LPI2C_MasterSetBaudRate
                0x000000001000595c      0x150 modules/hal_nxp/hal_nxp/lib..__modules__hal__nxp.a(fsl_lpi2c.c.obj)
                0x000000001000595c                LPI2C_MasterSetBaudRate
 .text.LPI2C_MasterTransferNonBlocking
                0x0000000010005aac       0xf0 modules/hal_nxp/hal_nxp/lib..__modules__hal__nxp.a(fsl_lpi2c.c.obj)
                0x0000000010005aac                LPI2C_MasterTransferNonBlocking
 .text.LPI2C_SlaveGetDefaultConfig
                0x0000000010005b9c       0x20 modules/hal_nxp/hal_nxp/lib..__modules__hal__nxp.a(fsl_lpi2c.c.obj)
                0x0000000010005b9c                LPI2C_SlaveGetDefaultConfig
 .text.LPUART_Deinit
                0x0000000010005bbc       0x20 modules/hal_nxp/hal_nxp/lib..__modules__hal__nxp.a(fsl_lpuart.c.obj)
                0x0000000010005bbc                LPUART_Deinit
 .text.LPUART_GetDefaultConfig
                0x0000000010005bdc       0x16 modules/hal_nxp/hal_nxp/lib..__modules__hal__nxp.a(fsl_lpuart.c.obj)
                0x0000000010005bdc                LPUART_GetDefaultConfig
 .text.LPUART_GetEnabledInterrupts
                0x0000000010005bf2       0x44 modules/hal_nxp/hal_nxp/lib..__modules__hal__nxp.a(fsl_lpuart.c.obj)
                0x0000000010005bf2                LPUART_GetEnabledInterrupts
 .text.SPC_SetSRAMOperateVoltage
                0x0000000010005c36       0x24 modules/hal_nxp/hal_nxp/lib..__modules__hal__nxp.a(fsl_spc.c.obj)
                0x0000000010005c36                SPC_SetSRAMOperateVoltage
 .text.SPC_SetActiveModeCoreLDORegulatorVoltageLevel
                0x0000000010005c5a       0x38 modules/hal_nxp/hal_nxp/lib..__modules__hal__nxp.a(fsl_spc.c.obj)
                0x0000000010005c5a                SPC_SetActiveModeCoreLDORegulatorVoltageLevel
 .text.SPC_SetActiveModeCoreLDORegulatorDriveStrength
                0x0000000010005c92       0x3c modules/hal_nxp/hal_nxp/lib..__modules__hal__nxp.a(fsl_spc.c.obj)
                0x0000000010005c92                SPC_SetActiveModeCoreLDORegulatorDriveStrength
 .text.SPC_SetActiveModeCoreLDORegulatorConfig
                0x0000000010005cce       0x60 modules/hal_nxp/hal_nxp/lib..__modules__hal__nxp.a(fsl_spc.c.obj)
                0x0000000010005cce                SPC_SetActiveModeCoreLDORegulatorConfig
 .text.SPC_SetActiveModeDCDCRegulatorDriveStrength
                0x0000000010005d2e       0x2c modules/hal_nxp/hal_nxp/lib..__modules__hal__nxp.a(fsl_spc.c.obj)
                0x0000000010005d2e                SPC_SetActiveModeDCDCRegulatorDriveStrength
 .text.SPC_SetActiveModeDCDCRegulatorConfig
                0x0000000010005d5a       0x38 modules/hal_nxp/hal_nxp/lib..__modules__hal__nxp.a(fsl_spc.c.obj)
                0x0000000010005d5a                SPC_SetActiveModeDCDCRegulatorConfig
 .text.z_impl_k_busy_wait
                0x0000000010005d92       0x1c zephyr/kernel/libkernel.a(busy_wait.c.obj)
                0x0000000010005d92                z_impl_k_busy_wait
 .text.z_device_state_init
                0x0000000010005dae        0x2 zephyr/kernel/libkernel.a(device.c.obj)
                0x0000000010005dae                z_device_state_init
 .text.z_impl_device_is_ready
                0x0000000010005db0       0x16 zephyr/kernel/libkernel.a(device.c.obj)
                0x0000000010005db0                z_impl_device_is_ready
 .text.arch_system_halt
                0x0000000010005dc6       0x10 zephyr/kernel/libkernel.a(fatal.c.obj)
                0x0000000010005dc6                arch_system_halt
 .text.k_sys_fatal_error_handler
                0x0000000010005dd6        0x6 zephyr/kernel/libkernel.a(fatal.c.obj)
                0x0000000010005dd6                k_sys_fatal_error_handler
 .text.do_device_init
                0x0000000010005ddc       0x30 zephyr/kernel/libkernel.a(init.c.obj)
 .text.z_early_memset
                0x0000000010005e0c        0x4 zephyr/kernel/libkernel.a(init.c.obj)
                0x0000000010005e0c                z_early_memset
 .text.z_early_memcpy
                0x0000000010005e10        0x4 zephyr/kernel/libkernel.a(init.c.obj)
                0x0000000010005e10                z_early_memcpy
 .text.z_init_static
                0x0000000010005e14        0x2 zephyr/kernel/libkernel.a(init_static.c.obj)
                0x0000000010005e14                z_init_static
 .text.idle     0x0000000010005e16       0x16 zephyr/kernel/libkernel.a(idle.c.obj)
                0x0000000010005e16                idle
 .text.z_impl_k_sem_init
                0x0000000010005e2c       0x18 zephyr/kernel/libkernel.a(sem.c.obj)
                0x0000000010005e2c                z_impl_k_sem_init
 .text.sys_dlist_remove
                0x0000000010005e44       0x10 zephyr/kernel/libkernel.a(sched.c.obj)
 .text.unpend_thread_no_timeout
                0x0000000010005e54       0x14 zephyr/kernel/libkernel.a(sched.c.obj)
 .text.add_to_waitq_locked
                0x0000000010005e68       0x50 zephyr/kernel/libkernel.a(sched.c.obj)
 .text.z_ready_thread
                0x0000000010005eb8       0x1e zephyr/kernel/libkernel.a(sched.c.obj)
                0x0000000010005eb8                z_ready_thread
 .text.z_sched_wake_thread
                0x0000000010005ed6       0x3a zephyr/kernel/libkernel.a(sched.c.obj)
                0x0000000010005ed6                z_sched_wake_thread
 .text.z_thread_timeout
                0x0000000010005f10        0x8 zephyr/kernel/libkernel.a(sched.c.obj)
                0x0000000010005f10                z_thread_timeout
 .text.z_impl_k_sleep
                0x0000000010005f18       0x32 zephyr/kernel/libkernel.a(sched.c.obj)
                0x0000000010005f18                z_impl_k_sleep
 .text.next_timeout
                0x0000000010005f4a       0x32 zephyr/kernel/libkernel.a(timeout.c.obj)
 .text.z_abort_timeout
                0x0000000010005f7c       0x42 zephyr/kernel/libkernel.a(timeout.c.obj)
                0x0000000010005f7c                z_abort_timeout
 .text.sys_clock_tick_get_32
                0x0000000010005fbe        0x8 zephyr/kernel/libkernel.a(timeout.c.obj)
                0x0000000010005fbe                sys_clock_tick_get_32
 .text.memcpy   0x0000000010005fc6       0x1a /home/boris/zephyr-sdk-0.17.0/arm-zephyr-eabi/bin/../lib/gcc/../../picolibc/arm-zephyr-eabi/lib/thumb/v8-m.main/nofp/libc.a(memcpy.c.o)
                0x0000000010005fc6                memcpy
                0x0000000010005fc6                __aeabi_memcpy
                0x0000000010005fc6                __aeabi_memcpy4
                0x0000000010005fc6                __aeabi_memcpy8
 .text.memset   0x0000000010005fe0       0x10 /home/boris/zephyr-sdk-0.17.0/arm-zephyr-eabi/bin/../lib/gcc/../../picolibc/arm-zephyr-eabi/lib/thumb/v8-m.main/nofp/libc.a(memset.c.o)
                0x0000000010005fe0                memset
 .text.strnlen  0x0000000010005ff0       0x18 /home/boris/zephyr-sdk-0.17.0/arm-zephyr-eabi/bin/../lib/gcc/../../picolibc/arm-zephyr-eabi/lib/thumb/v8-m.main/nofp/libc.a(libc_string_strnlen.c.o)
                0x0000000010005ff0                strnlen
 .text.__ultoa_invert
                0x0000000010006008       0xac /home/boris/zephyr-sdk-0.17.0/arm-zephyr-eabi/bin/../lib/gcc/../../picolibc/arm-zephyr-eabi/lib/thumb/v8-m.main/nofp/libc.a(libc_tinystdio_vflprintf.c.o)
 *(SORT_BY_ALIGNMENT(.TEXT.*))
 .TEXT.__aeabi_read_tp
                0x00000000100060b4        0xc zephyr/arch/arch/arm/core/cortex_m/libarch__arm__core__cortex_m.a(__aeabi_read_tp.S.obj)
                0x00000000100060b4                __aeabi_read_tp
 *(SORT_BY_ALIGNMENT(.gnu.linkonce.t.*))
 *(SORT_BY_ALIGNMENT(.glue_7t))
 .glue_7t       0x00000000100060c0        0x0 linker stubs
 *(SORT_BY_ALIGNMENT(.glue_7))
 .glue_7        0x00000000100060c0        0x0 linker stubs
 *(SORT_BY_ALIGNMENT(.vfp11_veneer))
 .vfp11_veneer  0x00000000100060c0        0x0 linker stubs
 *(SORT_BY_ALIGNMENT(.v4_bx))
 .v4_bx         0x00000000100060c0        0x0 linker stubs
                0x00000000100060c0                . = ALIGN (0x4)
                0x00000000100060c0                __text_region_end = .

.ARM.exidx      0x00000000100060c0        0x8
                0x00000000100060c0                __exidx_start = .
 *(SORT_BY_ALIGNMENT(.ARM.exidx*) SORT_BY_ALIGNMENT(gnu.linkonce.armexidx.*))
 .ARM.exidx     0x00000000100060c0        0x8 /home/boris/zephyr-sdk-0.17.0/arm-zephyr-eabi/bin/../lib/gcc/arm-zephyr-eabi/12.2.0/thumb/v8-m.main/nofp/libgcc.a(_udivmoddi4.o)
                0x00000000100060c8                __exidx_end = .
                0x00000000100060c8                __rodata_region_start = .

initlevel       0x00000000100060c8       0xb8
                0x00000000100060c8                __init_start = .
                0x00000000100060c8                __init_EARLY_start = .
 *(SORT_BY_NAME(SORT_BY_ALIGNMENT(.z_init_EARLY?_*)))
 *(SORT_BY_NAME(SORT_BY_ALIGNMENT(.z_init_EARLY??_*)))
                0x00000000100060c8                __init_PRE_KERNEL_1_start = .
 *(SORT_BY_NAME(SORT_BY_ALIGNMENT(.z_init_PRE_KERNEL_1?_*)))
 .z_init_PRE_KERNEL_11_0_
                0x00000000100060c8        0x8 zephyr/boards/nxp/frdm_mcxn236/libboards__nxp__frdm_mcxn236.a(board.c.obj)
 *(SORT_BY_NAME(SORT_BY_ALIGNMENT(.z_init_PRE_KERNEL_1??_*)))
 .z_init_PRE_KERNEL_130_00010_
                0x00000000100060d0        0x8 zephyr/drivers/clock_control/libdrivers__clock_control.a(clock_control_mcux_syscon.c.obj)
 .z_init_PRE_KERNEL_140_00009_
                0x00000000100060d8        0x8 zephyr/drivers/mfd/libdrivers__mfd.a(mfd_nxp_lp_flexcomm.c.obj)
 .z_init_PRE_KERNEL_140_00016_
                0x00000000100060e0        0x8 zephyr/drivers/pinctrl/libdrivers__pinctrl.a(pinctrl_nxp_port.c.obj)
 .z_init_PRE_KERNEL_140_00021_
                0x00000000100060e8        0x8 zephyr/drivers/pinctrl/libdrivers__pinctrl.a(pinctrl_nxp_port.c.obj)
 .z_init_PRE_KERNEL_140_00064_
                0x00000000100060f0        0x8 zephyr/drivers/pinctrl/libdrivers__pinctrl.a(pinctrl_nxp_port.c.obj)
 .z_init_PRE_KERNEL_140_00066_
                0x00000000100060f8        0x8 zephyr/drivers/pinctrl/libdrivers__pinctrl.a(pinctrl_nxp_port.c.obj)
 .z_init_PRE_KERNEL_140_00068_
                0x0000000010006100        0x8 zephyr/drivers/pinctrl/libdrivers__pinctrl.a(pinctrl_nxp_port.c.obj)
 .z_init_PRE_KERNEL_140_00070_
                0x0000000010006108        0x8 zephyr/drivers/pinctrl/libdrivers__pinctrl.a(pinctrl_nxp_port.c.obj)
 .z_init_PRE_KERNEL_140_00102_
                0x0000000010006110        0x8 zephyr/drivers/mfd/libdrivers__mfd.a(mfd_nxp_lp_flexcomm.c.obj)
 .z_init_PRE_KERNEL_140_00106_
                0x0000000010006118        0x8 zephyr/drivers/mfd/libdrivers__mfd.a(mfd_nxp_lp_flexcomm.c.obj)
 .z_init_PRE_KERNEL_140_00110_
                0x0000000010006120        0x8 zephyr/drivers/mfd/libdrivers__mfd.a(mfd_nxp_lp_flexcomm.c.obj)
 .z_init_PRE_KERNEL_150_00100_
                0x0000000010006128        0x8 zephyr/drivers/serial/libdrivers__serial.a(uart_mcux_lpuart.c.obj)
 .z_init_PRE_KERNEL_150_00108_
                0x0000000010006130        0x8 zephyr/drivers/serial/libdrivers__serial.a(uart_mcux_lpuart.c.obj)
 .z_init_PRE_KERNEL_160_0_
                0x0000000010006138        0x8 zephyr/drivers/console/libdrivers__console.a(uart_console.c.obj)
                0x0000000010006140                __init_PRE_KERNEL_2_start = .
 *(SORT_BY_NAME(SORT_BY_ALIGNMENT(.z_init_PRE_KERNEL_2?_*)))
 .z_init_PRE_KERNEL_20_0_
                0x0000000010006140        0x8 zephyr/drivers/timer/libdrivers__timer.a(cortex_m_systick.c.obj)
 *(SORT_BY_NAME(SORT_BY_ALIGNMENT(.z_init_PRE_KERNEL_2??_*)))
                0x0000000010006148                __init_POST_KERNEL_start = .
 *(SORT_BY_NAME(SORT_BY_ALIGNMENT(.z_init_POST_KERNEL?_*)))
 *(SORT_BY_NAME(SORT_BY_ALIGNMENT(.z_init_POST_KERNEL??_*)))
 .z_init_POST_KERNEL35_0_
                0x0000000010006148        0x8 zephyr/lib/libc/common/liblib__libc__common.a(malloc.c.obj)
 .z_init_POST_KERNEL40_00017_
                0x0000000010006150        0x8 zephyr/drivers/gpio/libdrivers__gpio.a(gpio_mcux.c.obj)
 .z_init_POST_KERNEL40_00022_
                0x0000000010006158        0x8 zephyr/drivers/gpio/libdrivers__gpio.a(gpio_mcux.c.obj)
 .z_init_POST_KERNEL40_00067_
                0x0000000010006160        0x8 zephyr/drivers/gpio/libdrivers__gpio.a(gpio_mcux.c.obj)
 .z_init_POST_KERNEL50_00011_
                0x0000000010006168        0x8 zephyr/drivers/i2c/libdrivers__i2c.a(i2c_mcux_lpi2c.c.obj)
 .z_init_POST_KERNEL50_00111_
                0x0000000010006170        0x8 zephyr/drivers/i2c/libdrivers__i2c.a(i2c_mcux_lpi2c.c.obj)
 .z_init_POST_KERNEL90_00023_
                0x0000000010006178        0x8 zephyr/drivers/led/libdrivers__led.a(led_gpio.c.obj)
                0x0000000010006180                __init_APPLICATION_start = .
 *(SORT_BY_NAME(SORT_BY_ALIGNMENT(.z_init_APPLICATION?_*)))
 *(SORT_BY_NAME(SORT_BY_ALIGNMENT(.z_init_APPLICATION??_*)))
                0x0000000010006180                __init_SMP_start = .
 *(SORT_BY_NAME(SORT_BY_ALIGNMENT(.z_init_SMP?_*)))
 *(SORT_BY_NAME(SORT_BY_ALIGNMENT(.z_init_SMP??_*)))
                0x0000000010006180                __init_end = .
                0x0000000010006180                __deferred_init_list_start = .
 *(SORT_BY_ALIGNMENT(.z_deferred_init*))
                0x0000000010006180                __deferred_init_list_end = .

device_area     0x0000000010006180      0x17c
                0x0000000010006180                _device_list_start = .
 *(SORT_BY_NAME(SORT_BY_ALIGNMENT(._device.static.*_?_*)))
 *(SORT_BY_NAME(SORT_BY_ALIGNMENT(._device.static.*_??_*)))
 ._device.static.1_30_
                0x0000000010006180       0x14 zephyr/drivers/clock_control/libdrivers__clock_control.a(clock_control_mcux_syscon.c.obj)
                0x0000000010006180                __device_dts_ord_10
 ._device.static.1_40_
                0x0000000010006194       0x50 zephyr/drivers/mfd/libdrivers__mfd.a(mfd_nxp_lp_flexcomm.c.obj)
                0x0000000010006194                __device_dts_ord_110
                0x00000000100061a8                __device_dts_ord_106
                0x00000000100061bc                __device_dts_ord_102
                0x00000000100061d0                __device_dts_ord_9
 ._device.static.1_40_
                0x00000000100061e4       0x78 zephyr/drivers/pinctrl/libdrivers__pinctrl.a(pinctrl_nxp_port.c.obj)
                0x00000000100061e4                __device_dts_ord_64
                0x00000000100061f8                __device_dts_ord_21
                0x000000001000620c                __device_dts_ord_70
                0x0000000010006220                __device_dts_ord_68
                0x0000000010006234                __device_dts_ord_66
                0x0000000010006248                __device_dts_ord_16
 ._device.static.1_50_
                0x000000001000625c       0x28 zephyr/drivers/serial/libdrivers__serial.a(uart_mcux_lpuart.c.obj)
                0x000000001000625c                __device_dts_ord_108
                0x0000000010006270                __device_dts_ord_100
 ._device.static.3_40_
                0x0000000010006284       0x3c zephyr/drivers/gpio/libdrivers__gpio.a(gpio_mcux.c.obj)
                0x0000000010006284                __device_dts_ord_22
                0x0000000010006298                __device_dts_ord_67
                0x00000000100062ac                __device_dts_ord_17
 ._device.static.3_50_
                0x00000000100062c0       0x28 zephyr/drivers/i2c/libdrivers__i2c.a(i2c_mcux_lpi2c.c.obj)
                0x00000000100062c0                __device_dts_ord_111
                0x00000000100062d4                __device_dts_ord_11
 ._device.static.3_90_
                0x00000000100062e8       0x14 zephyr/drivers/led/libdrivers__led.a(led_gpio.c.obj)
                0x00000000100062e8                __device_dts_ord_23
 *(SORT_BY_NAME(SORT_BY_ALIGNMENT(._device.static.*_???_*)))
 *(SORT_BY_NAME(SORT_BY_ALIGNMENT(._device.static.*_????_*)))
 *(SORT_BY_NAME(SORT_BY_ALIGNMENT(._device.static.*_?????_*)))
                0x00000000100062fc                _device_list_end = .

sw_isr_table    0x00000000100062fc      0x4d8
                0x00000000100062fc                . = ALIGN (0x4)
 *(SORT_BY_ALIGNMENT(.gnu.linkonce.sw_isr_table*))
 .gnu.linkonce.sw_isr_table
                0x00000000100062fc      0x4d8 zephyr/arch/common/libisr_tables.a(isr_tables.c.obj)
                0x00000000100062fc                _sw_isr_table

initlevel_error
                0x00000000100060c8        0x0
 *(SORT_BY_NAME(SORT_BY_ALIGNMENT(.z_init_[_A-Z0-9]*)))
                0x0000000000000001                ASSERT ((SIZEOF (initlevel_error) == 0x0), Undefined initialization levels used.)

app_shmem_regions
                0x00000000100067d4        0x0
                0x00000000100067d4                __app_shmem_regions_start = .
 *(SORT_BY_NAME(SORT_BY_ALIGNMENT(.app_regions.*)))
                0x00000000100067d4                __app_shmem_regions_end = .

k_p4wq_initparam_area
                0x00000000100067d4        0x0
                0x00000000100067d4                _k_p4wq_initparam_list_start = .
 *(SORT_BY_NAME(SORT_BY_ALIGNMENT(._k_p4wq_initparam.static.*)))
                0x00000000100067d4                _k_p4wq_initparam_list_end = .

_static_thread_data_area
                0x00000000100067d4        0x0
                0x00000000100067d4                __static_thread_data_list_start = .
 *(SORT_BY_NAME(SORT_BY_ALIGNMENT(.__static_thread_data.static.*)))
                0x00000000100067d4                __static_thread_data_list_end = .

device_deps     0x00000000100067d4        0x0
                0x00000000100067d4                __device_deps_start = .
 *(SORT_BY_NAME(SORT_BY_ALIGNMENT(.__device_deps_pass2*)))
                0x00000000100067d4                __device_deps_end = .

gpio_driver_api_area
                0x00000000100067d4       0x24
                0x00000000100067d4                _gpio_driver_api_list_start = .
 *(SORT_BY_NAME(SORT_BY_ALIGNMENT(._gpio_driver_api.static.*)))
 ._gpio_driver_api.static.gpio_mcux_driver_api_
                0x00000000100067d4       0x24 zephyr/drivers/gpio/libdrivers__gpio.a(gpio_mcux.c.obj)
                0x00000000100067f8                _gpio_driver_api_list_end = .

i2c_driver_api_area
                0x00000000100067f8       0x18
                0x00000000100067f8                _i2c_driver_api_list_start = .
 *(SORT_BY_NAME(SORT_BY_ALIGNMENT(._i2c_driver_api.static.*)))
 ._i2c_driver_api.static.mcux_lpi2c_driver_api_
                0x00000000100067f8       0x18 zephyr/drivers/i2c/libdrivers__i2c.a(i2c_mcux_lpi2c.c.obj)
                0x0000000010006810                _i2c_driver_api_list_end = .

i2c_target_driver_api_area
                0x0000000010006810        0x0
                0x0000000010006810                _i2c_target_driver_api_list_start = .
 *(SORT_BY_NAME(SORT_BY_ALIGNMENT(._i2c_target_driver_api.static.*)))
                0x0000000010006810                _i2c_target_driver_api_list_end = .

led_driver_api_area
                0x0000000010006810       0x1c
                0x0000000010006810                _led_driver_api_list_start = .
 *(SORT_BY_NAME(SORT_BY_ALIGNMENT(._led_driver_api.static.*)))
 ._led_driver_api.static.led_gpio_api_
                0x0000000010006810       0x1c zephyr/drivers/led/libdrivers__led.a(led_gpio.c.obj)
                0x000000001000682c                _led_driver_api_list_end = .

shared_irq_driver_api_area
                0x000000001000682c        0x0
                0x000000001000682c                _shared_irq_driver_api_list_start = .
 *(SORT_BY_NAME(SORT_BY_ALIGNMENT(._shared_irq_driver_api.static.*)))
                0x000000001000682c                _shared_irq_driver_api_list_end = .

crypto_driver_api_area
                0x000000001000682c        0x0
                0x000000001000682c                _crypto_driver_api_list_start = .
 *(SORT_BY_NAME(SORT_BY_ALIGNMENT(._crypto_driver_api.static.*)))
                0x000000001000682c                _crypto_driver_api_list_end = .

adc_driver_api_area
                0x000000001000682c        0x0
                0x000000001000682c                _adc_driver_api_list_start = .
 *(SORT_BY_NAME(SORT_BY_ALIGNMENT(._adc_driver_api.static.*)))
                0x000000001000682c                _adc_driver_api_list_end = .

auxdisplay_driver_api_area
                0x000000001000682c        0x0
                0x000000001000682c                _auxdisplay_driver_api_list_start = .
 *(SORT_BY_NAME(SORT_BY_ALIGNMENT(._auxdisplay_driver_api.static.*)))
                0x000000001000682c                _auxdisplay_driver_api_list_end = .

bbram_driver_api_area
                0x000000001000682c        0x0
                0x000000001000682c                _bbram_driver_api_list_start = .
 *(SORT_BY_NAME(SORT_BY_ALIGNMENT(._bbram_driver_api.static.*)))
                0x000000001000682c                _bbram_driver_api_list_end = .

bt_hci_driver_api_area
                0x000000001000682c        0x0
                0x000000001000682c                _bt_hci_driver_api_list_start = .
 *(SORT_BY_NAME(SORT_BY_ALIGNMENT(._bt_hci_driver_api.static.*)))
                0x000000001000682c                _bt_hci_driver_api_list_end = .

can_driver_api_area
                0x000000001000682c        0x0
                0x000000001000682c                _can_driver_api_list_start = .
 *(SORT_BY_NAME(SORT_BY_ALIGNMENT(._can_driver_api.static.*)))
                0x000000001000682c                _can_driver_api_list_end = .

cellular_driver_api_area
                0x000000001000682c        0x0
                0x000000001000682c                _cellular_driver_api_list_start = .
 *(SORT_BY_NAME(SORT_BY_ALIGNMENT(._cellular_driver_api.static.*)))
                0x000000001000682c                _cellular_driver_api_list_end = .

charger_driver_api_area
                0x000000001000682c        0x0
                0x000000001000682c                _charger_driver_api_list_start = .
 *(SORT_BY_NAME(SORT_BY_ALIGNMENT(._charger_driver_api.static.*)))
                0x000000001000682c                _charger_driver_api_list_end = .

clock_control_driver_api_area
                0x000000001000682c       0x1c
                0x000000001000682c                _clock_control_driver_api_list_start = .
 *(SORT_BY_NAME(SORT_BY_ALIGNMENT(._clock_control_driver_api.static.*)))
 ._clock_control_driver_api.static.mcux_lpc_syscon_api_
                0x000000001000682c       0x1c zephyr/drivers/clock_control/libdrivers__clock_control.a(clock_control_mcux_syscon.c.obj)
                0x0000000010006848                _clock_control_driver_api_list_end = .

comparator_driver_api_area
                0x0000000010006848        0x0
                0x0000000010006848                _comparator_driver_api_list_start = .
 *(SORT_BY_NAME(SORT_BY_ALIGNMENT(._comparator_driver_api.static.*)))
                0x0000000010006848                _comparator_driver_api_list_end = .

coredump_driver_api_area
                0x0000000010006848        0x0
                0x0000000010006848                _coredump_driver_api_list_start = .
 *(SORT_BY_NAME(SORT_BY_ALIGNMENT(._coredump_driver_api.static.*)))
                0x0000000010006848                _coredump_driver_api_list_end = .

counter_driver_api_area
                0x0000000010006848        0x0
                0x0000000010006848                _counter_driver_api_list_start = .
 *(SORT_BY_NAME(SORT_BY_ALIGNMENT(._counter_driver_api.static.*)))
                0x0000000010006848                _counter_driver_api_list_end = .

dac_driver_api_area
                0x0000000010006848        0x0
                0x0000000010006848                _dac_driver_api_list_start = .
 *(SORT_BY_NAME(SORT_BY_ALIGNMENT(._dac_driver_api.static.*)))
                0x0000000010006848                _dac_driver_api_list_end = .

dai_driver_api_area
                0x0000000010006848        0x0
                0x0000000010006848                _dai_driver_api_list_start = .
 *(SORT_BY_NAME(SORT_BY_ALIGNMENT(._dai_driver_api.static.*)))
                0x0000000010006848                _dai_driver_api_list_end = .

display_driver_api_area
                0x0000000010006848        0x0
                0x0000000010006848                _display_driver_api_list_start = .
 *(SORT_BY_NAME(SORT_BY_ALIGNMENT(._display_driver_api.static.*)))
                0x0000000010006848                _display_driver_api_list_end = .

dma_driver_api_area
                0x0000000010006848        0x0
                0x0000000010006848                _dma_driver_api_list_start = .
 *(SORT_BY_NAME(SORT_BY_ALIGNMENT(._dma_driver_api.static.*)))
                0x0000000010006848                _dma_driver_api_list_end = .

edac_driver_api_area
                0x0000000010006848        0x0
                0x0000000010006848                _edac_driver_api_list_start = .
 *(SORT_BY_NAME(SORT_BY_ALIGNMENT(._edac_driver_api.static.*)))
                0x0000000010006848                _edac_driver_api_list_end = .

eeprom_driver_api_area
                0x0000000010006848        0x0
                0x0000000010006848                _eeprom_driver_api_list_start = .
 *(SORT_BY_NAME(SORT_BY_ALIGNMENT(._eeprom_driver_api.static.*)))
                0x0000000010006848                _eeprom_driver_api_list_end = .

emul_bbram_driver_api_area
                0x0000000010006848        0x0
                0x0000000010006848                _emul_bbram_driver_api_list_start = .
 *(SORT_BY_NAME(SORT_BY_ALIGNMENT(._emul_bbram_driver_api.static.*)))
                0x0000000010006848                _emul_bbram_driver_api_list_end = .

fuel_gauge_emul_driver_api_area
                0x0000000010006848        0x0
                0x0000000010006848                _fuel_gauge_emul_driver_api_list_start = .
 *(SORT_BY_NAME(SORT_BY_ALIGNMENT(._fuel_gauge_emul_driver_api.static.*)))
                0x0000000010006848                _fuel_gauge_emul_driver_api_list_end = .

emul_sensor_driver_api_area
                0x0000000010006848        0x0
                0x0000000010006848                _emul_sensor_driver_api_list_start = .
 *(SORT_BY_NAME(SORT_BY_ALIGNMENT(._emul_sensor_driver_api.static.*)))
                0x0000000010006848                _emul_sensor_driver_api_list_end = .

entropy_driver_api_area
                0x0000000010006848        0x0
                0x0000000010006848                _entropy_driver_api_list_start = .
 *(SORT_BY_NAME(SORT_BY_ALIGNMENT(._entropy_driver_api.static.*)))
                0x0000000010006848                _entropy_driver_api_list_end = .

espi_driver_api_area
                0x0000000010006848        0x0
                0x0000000010006848                _espi_driver_api_list_start = .
 *(SORT_BY_NAME(SORT_BY_ALIGNMENT(._espi_driver_api.static.*)))
                0x0000000010006848                _espi_driver_api_list_end = .

espi_saf_driver_api_area
                0x0000000010006848        0x0
                0x0000000010006848                _espi_saf_driver_api_list_start = .
 *(SORT_BY_NAME(SORT_BY_ALIGNMENT(._espi_saf_driver_api.static.*)))
                0x0000000010006848                _espi_saf_driver_api_list_end = .

flash_driver_api_area
                0x0000000010006848        0x0
                0x0000000010006848                _flash_driver_api_list_start = .
 *(SORT_BY_NAME(SORT_BY_ALIGNMENT(._flash_driver_api.static.*)))
                0x0000000010006848                _flash_driver_api_list_end = .

fpga_driver_api_area
                0x0000000010006848        0x0
                0x0000000010006848                _fpga_driver_api_list_start = .
 *(SORT_BY_NAME(SORT_BY_ALIGNMENT(._fpga_driver_api.static.*)))
                0x0000000010006848                _fpga_driver_api_list_end = .

fuel_gauge_driver_api_area
                0x0000000010006848        0x0
                0x0000000010006848                _fuel_gauge_driver_api_list_start = .
 *(SORT_BY_NAME(SORT_BY_ALIGNMENT(._fuel_gauge_driver_api.static.*)))
                0x0000000010006848                _fuel_gauge_driver_api_list_end = .

gnss_driver_api_area
                0x0000000010006848        0x0
                0x0000000010006848                _gnss_driver_api_list_start = .
 *(SORT_BY_NAME(SORT_BY_ALIGNMENT(._gnss_driver_api.static.*)))
                0x0000000010006848                _gnss_driver_api_list_end = .

haptics_driver_api_area
                0x0000000010006848        0x0
                0x0000000010006848                _haptics_driver_api_list_start = .
 *(SORT_BY_NAME(SORT_BY_ALIGNMENT(._haptics_driver_api.static.*)))
                0x0000000010006848                _haptics_driver_api_list_end = .

hwspinlock_driver_api_area
                0x0000000010006848        0x0
                0x0000000010006848                _hwspinlock_driver_api_list_start = .
 *(SORT_BY_NAME(SORT_BY_ALIGNMENT(._hwspinlock_driver_api.static.*)))
                0x0000000010006848                _hwspinlock_driver_api_list_end = .

i2s_driver_api_area
                0x0000000010006848        0x0
                0x0000000010006848                _i2s_driver_api_list_start = .
 *(SORT_BY_NAME(SORT_BY_ALIGNMENT(._i2s_driver_api.static.*)))
                0x0000000010006848                _i2s_driver_api_list_end = .

i3c_driver_api_area
                0x0000000010006848        0x0
                0x0000000010006848                _i3c_driver_api_list_start = .
 *(SORT_BY_NAME(SORT_BY_ALIGNMENT(._i3c_driver_api.static.*)))
                0x0000000010006848                _i3c_driver_api_list_end = .

ipm_driver_api_area
                0x0000000010006848        0x0
                0x0000000010006848                _ipm_driver_api_list_start = .
 *(SORT_BY_NAME(SORT_BY_ALIGNMENT(._ipm_driver_api.static.*)))
                0x0000000010006848                _ipm_driver_api_list_end = .

kscan_driver_api_area
                0x0000000010006848        0x0
                0x0000000010006848                _kscan_driver_api_list_start = .
 *(SORT_BY_NAME(SORT_BY_ALIGNMENT(._kscan_driver_api.static.*)))
                0x0000000010006848                _kscan_driver_api_list_end = .

led_strip_driver_api_area
                0x0000000010006848        0x0
                0x0000000010006848                _led_strip_driver_api_list_start = .
 *(SORT_BY_NAME(SORT_BY_ALIGNMENT(._led_strip_driver_api.static.*)))
                0x0000000010006848                _led_strip_driver_api_list_end = .

lora_driver_api_area
                0x0000000010006848        0x0
                0x0000000010006848                _lora_driver_api_list_start = .
 *(SORT_BY_NAME(SORT_BY_ALIGNMENT(._lora_driver_api.static.*)))
                0x0000000010006848                _lora_driver_api_list_end = .

mbox_driver_api_area
                0x0000000010006848        0x0
                0x0000000010006848                _mbox_driver_api_list_start = .
 *(SORT_BY_NAME(SORT_BY_ALIGNMENT(._mbox_driver_api.static.*)))
                0x0000000010006848                _mbox_driver_api_list_end = .

mdio_driver_api_area
                0x0000000010006848        0x0
                0x0000000010006848                _mdio_driver_api_list_start = .
 *(SORT_BY_NAME(SORT_BY_ALIGNMENT(._mdio_driver_api.static.*)))
                0x0000000010006848                _mdio_driver_api_list_end = .

mipi_dbi_driver_api_area
                0x0000000010006848        0x0
                0x0000000010006848                _mipi_dbi_driver_api_list_start = .
 *(SORT_BY_NAME(SORT_BY_ALIGNMENT(._mipi_dbi_driver_api.static.*)))
                0x0000000010006848                _mipi_dbi_driver_api_list_end = .

mipi_dsi_driver_api_area
                0x0000000010006848        0x0
                0x0000000010006848                _mipi_dsi_driver_api_list_start = .
 *(SORT_BY_NAME(SORT_BY_ALIGNMENT(._mipi_dsi_driver_api.static.*)))
                0x0000000010006848                _mipi_dsi_driver_api_list_end = .

mspi_driver_api_area
                0x0000000010006848        0x0
                0x0000000010006848                _mspi_driver_api_list_start = .
 *(SORT_BY_NAME(SORT_BY_ALIGNMENT(._mspi_driver_api.static.*)))
                0x0000000010006848                _mspi_driver_api_list_end = .

peci_driver_api_area
                0x0000000010006848        0x0
                0x0000000010006848                _peci_driver_api_list_start = .
 *(SORT_BY_NAME(SORT_BY_ALIGNMENT(._peci_driver_api.static.*)))
                0x0000000010006848                _peci_driver_api_list_end = .

ps2_driver_api_area
                0x0000000010006848        0x0
                0x0000000010006848                _ps2_driver_api_list_start = .
 *(SORT_BY_NAME(SORT_BY_ALIGNMENT(._ps2_driver_api.static.*)))
                0x0000000010006848                _ps2_driver_api_list_end = .

ptp_clock_driver_api_area
                0x0000000010006848        0x0
                0x0000000010006848                _ptp_clock_driver_api_list_start = .
 *(SORT_BY_NAME(SORT_BY_ALIGNMENT(._ptp_clock_driver_api.static.*)))
                0x0000000010006848                _ptp_clock_driver_api_list_end = .

pwm_driver_api_area
                0x0000000010006848        0x0
                0x0000000010006848                _pwm_driver_api_list_start = .
 *(SORT_BY_NAME(SORT_BY_ALIGNMENT(._pwm_driver_api.static.*)))
                0x0000000010006848                _pwm_driver_api_list_end = .

regulator_parent_driver_api_area
                0x0000000010006848        0x0
                0x0000000010006848                _regulator_parent_driver_api_list_start = .
 *(SORT_BY_NAME(SORT_BY_ALIGNMENT(._regulator_parent_driver_api.static.*)))
                0x0000000010006848                _regulator_parent_driver_api_list_end = .

regulator_driver_api_area
                0x0000000010006848        0x0
                0x0000000010006848                _regulator_driver_api_list_start = .
 *(SORT_BY_NAME(SORT_BY_ALIGNMENT(._regulator_driver_api.static.*)))
                0x0000000010006848                _regulator_driver_api_list_end = .

reset_driver_api_area
                0x0000000010006848        0x0
                0x0000000010006848                _reset_driver_api_list_start = .
 *(SORT_BY_NAME(SORT_BY_ALIGNMENT(._reset_driver_api.static.*)))
                0x0000000010006848                _reset_driver_api_list_end = .

retained_mem_driver_api_area
                0x0000000010006848        0x0
                0x0000000010006848                _retained_mem_driver_api_list_start = .
 *(SORT_BY_NAME(SORT_BY_ALIGNMENT(._retained_mem_driver_api.static.*)))
                0x0000000010006848                _retained_mem_driver_api_list_end = .

rtc_driver_api_area
                0x0000000010006848        0x0
                0x0000000010006848                _rtc_driver_api_list_start = .
 *(SORT_BY_NAME(SORT_BY_ALIGNMENT(._rtc_driver_api.static.*)))
                0x0000000010006848                _rtc_driver_api_list_end = .

sdhc_driver_api_area
                0x0000000010006848        0x0
                0x0000000010006848                _sdhc_driver_api_list_start = .
 *(SORT_BY_NAME(SORT_BY_ALIGNMENT(._sdhc_driver_api.static.*)))
                0x0000000010006848                _sdhc_driver_api_list_end = .

sensor_driver_api_area
                0x0000000010006848        0x0
                0x0000000010006848                _sensor_driver_api_list_start = .
 *(SORT_BY_NAME(SORT_BY_ALIGNMENT(._sensor_driver_api.static.*)))
                0x0000000010006848                _sensor_driver_api_list_end = .

smbus_driver_api_area
                0x0000000010006848        0x0
                0x0000000010006848                _smbus_driver_api_list_start = .
 *(SORT_BY_NAME(SORT_BY_ALIGNMENT(._smbus_driver_api.static.*)))
                0x0000000010006848                _smbus_driver_api_list_end = .

spi_driver_api_area
                0x0000000010006848        0x0
                0x0000000010006848                _spi_driver_api_list_start = .
 *(SORT_BY_NAME(SORT_BY_ALIGNMENT(._spi_driver_api.static.*)))
                0x0000000010006848                _spi_driver_api_list_end = .

stepper_driver_api_area
                0x0000000010006848        0x0
                0x0000000010006848                _stepper_driver_api_list_start = .
 *(SORT_BY_NAME(SORT_BY_ALIGNMENT(._stepper_driver_api.static.*)))
                0x0000000010006848                _stepper_driver_api_list_end = .

syscon_driver_api_area
                0x0000000010006848        0x0
                0x0000000010006848                _syscon_driver_api_list_start = .
 *(SORT_BY_NAME(SORT_BY_ALIGNMENT(._syscon_driver_api.static.*)))
                0x0000000010006848                _syscon_driver_api_list_end = .

tee_driver_api_area
                0x0000000010006848        0x0
                0x0000000010006848                _tee_driver_api_list_start = .
 *(SORT_BY_NAME(SORT_BY_ALIGNMENT(._tee_driver_api.static.*)))
                0x0000000010006848                _tee_driver_api_list_end = .

video_driver_api_area
                0x0000000010006848        0x0
                0x0000000010006848                _video_driver_api_list_start = .
 *(SORT_BY_NAME(SORT_BY_ALIGNMENT(._video_driver_api.static.*)))
                0x0000000010006848                _video_driver_api_list_end = .

w1_driver_api_area
                0x0000000010006848        0x0
                0x0000000010006848                _w1_driver_api_list_start = .
 *(SORT_BY_NAME(SORT_BY_ALIGNMENT(._w1_driver_api.static.*)))
                0x0000000010006848                _w1_driver_api_list_end = .

wdt_driver_api_area
                0x0000000010006848        0x0
                0x0000000010006848                _wdt_driver_api_list_start = .
 *(SORT_BY_NAME(SORT_BY_ALIGNMENT(._wdt_driver_api.static.*)))
                0x0000000010006848                _wdt_driver_api_list_end = .

can_transceiver_driver_api_area
                0x0000000010006848        0x0
                0x0000000010006848                _can_transceiver_driver_api_list_start = .
 *(SORT_BY_NAME(SORT_BY_ALIGNMENT(._can_transceiver_driver_api.static.*)))
                0x0000000010006848                _can_transceiver_driver_api_list_end = .

nrf_clock_control_driver_api_area
                0x0000000010006848        0x0
                0x0000000010006848                _nrf_clock_control_driver_api_list_start = .
 *(SORT_BY_NAME(SORT_BY_ALIGNMENT(._nrf_clock_control_driver_api.static.*)))
                0x0000000010006848                _nrf_clock_control_driver_api_list_end = .

i3c_target_driver_api_area
                0x0000000010006848        0x0
                0x0000000010006848                _i3c_target_driver_api_list_start = .
 *(SORT_BY_NAME(SORT_BY_ALIGNMENT(._i3c_target_driver_api.static.*)))
                0x0000000010006848                _i3c_target_driver_api_list_end = .

its_driver_api_area
                0x0000000010006848        0x0
                0x0000000010006848                _its_driver_api_list_start = .
 *(SORT_BY_NAME(SORT_BY_ALIGNMENT(._its_driver_api.static.*)))
                0x0000000010006848                _its_driver_api_list_end = .

vtd_driver_api_area
                0x0000000010006848        0x0
                0x0000000010006848                _vtd_driver_api_list_start = .
 *(SORT_BY_NAME(SORT_BY_ALIGNMENT(._vtd_driver_api.static.*)))
                0x0000000010006848                _vtd_driver_api_list_end = .

tgpio_driver_api_area
                0x0000000010006848        0x0
                0x0000000010006848                _tgpio_driver_api_list_start = .
 *(SORT_BY_NAME(SORT_BY_ALIGNMENT(._tgpio_driver_api.static.*)))
                0x0000000010006848                _tgpio_driver_api_list_end = .

pcie_ctrl_driver_api_area
                0x0000000010006848        0x0
                0x0000000010006848                _pcie_ctrl_driver_api_list_start = .
 *(SORT_BY_NAME(SORT_BY_ALIGNMENT(._pcie_ctrl_driver_api.static.*)))
                0x0000000010006848                _pcie_ctrl_driver_api_list_end = .

pcie_ep_driver_api_area
                0x0000000010006848        0x0
                0x0000000010006848                _pcie_ep_driver_api_list_start = .
 *(SORT_BY_NAME(SORT_BY_ALIGNMENT(._pcie_ep_driver_api.static.*)))
                0x0000000010006848                _pcie_ep_driver_api_list_end = .

svc_driver_api_area
                0x0000000010006848        0x0
                0x0000000010006848                _svc_driver_api_list_start = .
 *(SORT_BY_NAME(SORT_BY_ALIGNMENT(._svc_driver_api.static.*)))
                0x0000000010006848                _svc_driver_api_list_end = .

uart_driver_api_area
                0x0000000010006848       0x4c
                0x0000000010006848                _uart_driver_api_list_start = .
 *(SORT_BY_NAME(SORT_BY_ALIGNMENT(._uart_driver_api.static.*)))
 ._uart_driver_api.static.mcux_lpuart_driver_api_
                0x0000000010006848       0x4c zephyr/drivers/serial/libdrivers__serial.a(uart_mcux_lpuart.c.obj)
                0x0000000010006894                _uart_driver_api_list_end = .

bc12_emul_driver_api_area
                0x0000000010006894        0x0
                0x0000000010006894                _bc12_emul_driver_api_list_start = .
 *(SORT_BY_NAME(SORT_BY_ALIGNMENT(._bc12_emul_driver_api.static.*)))
                0x0000000010006894                _bc12_emul_driver_api_list_end = .

bc12_driver_api_area
                0x0000000010006894        0x0
                0x0000000010006894                _bc12_driver_api_list_start = .
 *(SORT_BY_NAME(SORT_BY_ALIGNMENT(._bc12_driver_api.static.*)))
                0x0000000010006894                _bc12_driver_api_list_end = .

usbc_ppc_driver_api_area
                0x0000000010006894        0x0
                0x0000000010006894                _usbc_ppc_driver_api_list_start = .
 *(SORT_BY_NAME(SORT_BY_ALIGNMENT(._usbc_ppc_driver_api.static.*)))
                0x0000000010006894                _usbc_ppc_driver_api_list_end = .

tcpc_driver_api_area
                0x0000000010006894        0x0
                0x0000000010006894                _tcpc_driver_api_list_start = .
 *(SORT_BY_NAME(SORT_BY_ALIGNMENT(._tcpc_driver_api.static.*)))
                0x0000000010006894                _tcpc_driver_api_list_end = .

usbc_vbus_driver_api_area
                0x0000000010006894        0x0
                0x0000000010006894                _usbc_vbus_driver_api_list_start = .
 *(SORT_BY_NAME(SORT_BY_ALIGNMENT(._usbc_vbus_driver_api.static.*)))
                0x0000000010006894                _usbc_vbus_driver_api_list_end = .

ivshmem_driver_api_area
                0x0000000010006894        0x0
                0x0000000010006894                _ivshmem_driver_api_list_start = .
 *(SORT_BY_NAME(SORT_BY_ALIGNMENT(._ivshmem_driver_api.static.*)))
                0x0000000010006894                _ivshmem_driver_api_list_end = .

ethphy_driver_api_area
                0x0000000010006894        0x0
                0x0000000010006894                _ethphy_driver_api_list_start = .
 *(SORT_BY_NAME(SORT_BY_ALIGNMENT(._ethphy_driver_api.static.*)))
                0x0000000010006894                _ethphy_driver_api_list_end = .

ztest           0x0000000010006894        0x0
                0x0000000010006894                _ztest_expected_result_entry_list_start = .
 *(SORT_BY_NAME(SORT_BY_ALIGNMENT(._ztest_expected_result_entry.static.*)))
                0x0000000010006894                _ztest_expected_result_entry_list_end = .
                0x0000000010006894                _ztest_suite_node_list_start = .
 *(SORT_BY_NAME(SORT_BY_ALIGNMENT(._ztest_suite_node.static.*)))
                0x0000000010006894                _ztest_suite_node_list_end = .
                0x0000000010006894                _ztest_unit_test_list_start = .
 *(SORT_BY_NAME(SORT_BY_ALIGNMENT(._ztest_unit_test.static.*)))
                0x0000000010006894                _ztest_unit_test_list_end = .
                0x0000000010006894                _ztest_test_rule_list_start = .
 *(SORT_BY_NAME(SORT_BY_ALIGNMENT(._ztest_test_rule.static.*)))
                0x0000000010006894                _ztest_test_rule_list_end = .

init_array      0x0000000010006894        0x0
 *(SORT_BY_NAME(SORT_BY_ALIGNMENT(.ctors*)))
 *(SORT_BY_NAME(SORT_BY_ALIGNMENT(.init_array*)))
                0x0000000000000001                ASSERT ((SIZEOF (init_array) == 0x0), GNU-style constructors required but STATIC_INIT_GNU not enabled)

bt_l2cap_fixed_chan_area
                0x0000000010006894        0x0
                0x0000000010006894                _bt_l2cap_fixed_chan_list_start = .